Archive member included to satisfy reference by file (symbol)

Generated_Source\PSoC6\pdl\middleware\ble\lib\cy_ble_stack_gcc_controller_ipc_cm0p.a(CyBleStackMgrIP_Interface.o)
                              .\CortexM0p\ARM_GCC_541\Debug\cy_ble.o (Cy_BLE_EnablePrivacyFeature)
Generated_Source\PSoC6\pdl\middleware\ble\lib\cy_ble_stack_gcc_controller_ipc_cm0p.a(CyBleStackMgr_PSoCHal.o)
                              Generated_Source\PSoC6\pdl\middleware\ble\lib\cy_ble_stack_gcc_controller_ipc_cm0p.a(CyBleStackMgrIP_Interface.o) (bt_config)
Generated_Source\PSoC6\pdl\middleware\ble\lib\cy_ble_stack_gcc_controller_ipc_cm0p.a(CyBleStackMgr_BleSSDriver.o)
                              Generated_Source\PSoC6\pdl\middleware\ble\lib\cy_ble_stack_gcc_controller_ipc_cm0p.a(CyBleStackMgrIP_Interface.o) (CyBleStackMgr_BleSSInit)
Generated_Source\PSoC6\pdl\middleware\ble\lib\cy_ble_stack_gcc_controller_ipc_cm0p.a(CyBleStackMgr_StackTaskHandler.o)
                              Generated_Source\PSoC6\pdl\middleware\ble\lib\cy_ble_stack_gcc_controller_ipc_cm0p.a(CyBleStackMgrIP_Interface.o) (CyBle_CreateBleStackTask)
Generated_Source\PSoC6\pdl\middleware\ble\lib\cy_ble_stack_gcc_controller_ipc_cm0p.a(config_bin.o)
                              Generated_Source\PSoC6\pdl\middleware\ble\lib\cy_ble_stack_gcc_controller_ipc_cm0p.a(CyBleStackMgr_PSoCHal.o) (bt_cfg_pdata)
Generated_Source\PSoC6\pdl\middleware\ble\lib\cy_ble_stack_gcc_controller_ipc_cm0p.a(BT_timer.o)
                              Generated_Source\PSoC6\pdl\middleware\ble\lib\cy_ble_stack_gcc_controller_ipc_cm0p.a(CyBleStackMgr_StackTaskHandler.o) (BT_timer_process_signals)
Generated_Source\PSoC6\pdl\middleware\ble\lib\cy_ble_stack_gcc_controller_ipc_cm0p.a(bt_os_common.o)
                              Generated_Source\PSoC6\pdl\middleware\ble\lib\cy_ble_stack_gcc_controller_ipc_cm0p.a(CyBleStackMgr_StackTaskHandler.o) (BT_ISROSQPost)
Generated_Source\PSoC6\pdl\middleware\ble\lib\cy_ble_stack_gcc_controller_ipc_cm0p.a(CyBleStackMgrIP_Pilo.o)
                              Generated_Source\PSoC6\pdl\middleware\ble\lib\cy_ble_stack_gcc_controller_ipc_cm0p.a(CyBleStackMgrIP_Interface.o) (CyPilo_InitCalibration)
Generated_Source\PSoC6\pdl\middleware\ble\lib\cy_ble_stack_gcc_controller_ipc_cm0p.a(mint_os.o)
                              Generated_Source\PSoC6\pdl\middleware\ble\lib\cy_ble_stack_gcc_controller_ipc_cm0p.a(CyBleStackMgrIP_Interface.o) (OS_init)
Generated_Source\PSoC6\pdl\middleware\ble\lib\cy_ble_stack_gcc_controller_ipc_cm0p.a(mint_os_queue.o)
                              Generated_Source\PSoC6\pdl\middleware\ble\lib\cy_ble_stack_gcc_controller_ipc_cm0p.a(mint_os.o) (OS_TOTAL_QUEUES)
Generated_Source\PSoC6\pdl\middleware\ble\lib\cy_ble_stack_gcc_controller_ipc_cm0p.a(mint_os_task.o)
                              Generated_Source\PSoC6\pdl\middleware\ble\lib\cy_ble_stack_gcc_controller_ipc_cm0p.a(mint_os.o) (idle_func_handler)
Generated_Source\PSoC6\pdl\middleware\ble\lib\cy_ble_stack_gcc_controller_ipc_cm0p.a(mint_buf_mgmt.o)
                              Generated_Source\PSoC6\pdl\middleware\ble\lib\cy_ble_stack_gcc_controller_ipc_cm0p.a(CyBleStackMgrIP_Interface.o) (mint_buf_mgmt_init)
Generated_Source\PSoC6\pdl\middleware\ble\lib\cy_ble_stack_gcc_controller_ipc_cm0p.a(transport_ipc.o)
                              Generated_Source\PSoC6\pdl\middleware\ble\lib\cy_ble_stack_gcc_controller_ipc_cm0p.a(CyBleStackMgr_PSoCHal.o) (CyBleController_HciIpcInit)
Generated_Source\PSoC6\pdl\middleware\ble\lib\cy_ble_stack_gcc_controller_ipc_cm0p.a(CyBleStackMgr_PSoCIPCHal.o)
                              Generated_Source\PSoC6\pdl\middleware\ble\lib\cy_ble_stack_gcc_controller_ipc_cm0p.a(CyBleStackMgrIP_Interface.o) (CyBleController_IPC_HAL_InitWithStaticMem)
Generated_Source\PSoC6\pdl\middleware\ble\lib\cy_ble_stack_gcc_controller_ipc_cm0p.a(CyBleControllerIP_Interface.o)
                              Generated_Source\PSoC6\pdl\middleware\ble\lib\cy_ble_stack_gcc_controller_ipc_cm0p.a(CyBleStackMgrIP_Interface.o) (CyBle_ControllerEnableDleFeature)
Generated_Source\PSoC6\pdl\middleware\ble\lib\cy_ble_stack_gcc_controller_ipc_cm0p.a(ll.o)
                              Generated_Source\PSoC6\pdl\middleware\ble\lib\cy_ble_stack_gcc_controller_ipc_cm0p.a(CyBleControllerIP_Interface.o) (ll_self_device_data)
Generated_Source\PSoC6\pdl\middleware\ble\lib\cy_ble_stack_gcc_controller_ipc_cm0p.a(ll_advertiser.o)
                              Generated_Source\PSoC6\pdl\middleware\ble\lib\cy_ble_stack_gcc_controller_ipc_cm0p.a(ll.o) (ll_adv_is_configured_connection_adv)
Generated_Source\PSoC6\pdl\middleware\ble\lib\cy_ble_stack_gcc_controller_ipc_cm0p.a(ll_connection.o)
                              Generated_Source\PSoC6\pdl\middleware\ble\lib\cy_ble_stack_gcc_controller_ipc_cm0p.a(ll.o) (bleSlDsmFix)
Generated_Source\PSoC6\pdl\middleware\ble\lib\cy_ble_stack_gcc_controller_ipc_cm0p.a(llh_api.o)
[...]
Memory Configuration

Name             Origin             Length             Attributes
ram              0x08000000         0x00024000         xrw
flash            0x10000000         0x00080000         xr
em_eeprom        0x14000000         0x00008000         xr
sflash_user_data 0x16000800         0x00000800         xr
sflash_nar       0x16001a00         0x00000200         xr
sflash_public_key 0x16005a00         0x00000c00         xr
sflash_toc_2     0x16007c00         0x00000200         xr
sflash_rtoc_2    0x16007e00         0x00000200         xr
xip              0x18000000         0x08000000         xr
efuse            0x90700000         0x00100000         r
*default*        0x00000000         0xffffffff

Linker script and memory map

LOAD c:/program files (x86)/cypress/psoc creator/4.4/psoc creator/import/gnu/arm/5.4.1/bin/../lib/gcc/arm-none-eabi/5.4.1/armv6-m/crti.o
LOAD c:/program files (x86)/cypress/psoc creator/4.4/psoc creator/import/gnu/arm/5.4.1/bin/../lib/gcc/arm-none-eabi/5.4.1/armv6-m/crtbegin.o
LOAD c:/program files (x86)/cypress/psoc creator/4.4/psoc creator/import/gnu/arm/5.4.1/bin/../lib/gcc/arm-none-eabi/5.4.1/../../../../arm-none-eabi/lib/armv6-m/crt0.o
START GROUP
LOAD Generated_Source\PSoC6\pdl\middleware\ble\lib\cy_ble_stack_gcc_radio_max_cm0p.a
LOAD Generated_Source\PSoC6\pdl\middleware\ble\lib\cy_ble_stack_gcc_controller_ipc_cm0p.a
LOAD .\CortexM0p\ARM_GCC_541\Debug\startup_psoc6_01_cm0plus.o
LOAD .\CortexM0p\ARM_GCC_541\Debug\main_cm0p.o
LOAD .\CortexM0p\ARM_GCC_541\Debug\system_psoc6_cm0plus.o
LOAD .\CortexM0p\ARM_GCC_541\Debug\cyfitter_sysint_cfg.o
LOAD .\CortexM0p\ARM_GCC_541\Debug\cyfitter_cfg.o
LOAD .\CortexM0p\ARM_GCC_541\Debug\cymetadata.o
LOAD .\CortexM0p\ARM_GCC_541\Debug\UART.o
LOAD .\CortexM0p\ARM_GCC_541\Debug\BLE.o
LOAD .\CortexM0p\ARM_GCC_541\Debug\BLE_config.o
LOAD .\CortexM0p\ARM_GCC_541\Debug\BLE_custom_config.o
LOAD .\CortexM0p\ARM_GCC_541\Debug\cy_efuse.o
LOAD .\CortexM0p\ARM_GCC_541\Debug\cy_flash.o
LOAD .\CortexM0p\ARM_GCC_541\Debug\cy_gpio.o
LOAD .\CortexM0p\ARM_GCC_541\Debug\cy_ipc_drv.o
LOAD .\CortexM0p\ARM_GCC_541\Debug\cy_ipc_sema.o
LOAD .\CortexM0p\ARM_GCC_541\Debug\cy_ipc_pipe.o
LOAD .\CortexM0p\ARM_GCC_541\Debug\cy_lvd.o
LOAD .\CortexM0p\ARM_GCC_541\Debug\cy_profile.o
LOAD .\CortexM0p\ARM_GCC_541\Debug\cy_prot.o
LOAD .\CortexM0p\ARM_GCC_541\Debug\cy_scb_common.o
LOAD .\CortexM0p\ARM_GCC_541\Debug\cy_scb_i2c.o
LOAD .\CortexM0p\ARM_GCC_541\Debug\cy_scb_ezi2c.o
LOAD .\CortexM0p\ARM_GCC_541\Debug\cy_scb_spi.o
LOAD .\CortexM0p\ARM_GCC_541\Debug\cy_scb_uart.o
LOAD .\CortexM0p\ARM_GCC_541\Debug\cy_sysanalog.o
LOAD .\CortexM0p\ARM_GCC_541\Debug\cy_sysclk.o
LOAD .\CortexM0p\ARM_GCC_541\Debug\cy_sysint.o
LOAD .\CortexM0p\ARM_GCC_541\Debug\cy_syslib.o
LOAD .\CortexM0p\ARM_GCC_541\Debug\cy_syslib_gcc.o
LOAD .\CortexM0p\ARM_GCC_541\Debug\cy_syspm.o
LOAD .\CortexM0p\ARM_GCC_541\Debug\cy_systick.o
LOAD .\CortexM0p\ARM_GCC_541\Debug\cy_trigmux.o
LOAD .\CortexM0p\ARM_GCC_541\Debug\cy_wdt.o
LOAD .\CortexM0p\ARM_GCC_541\Debug\cy_device.o
LOAD .\CortexM0p\ARM_GCC_541\Debug\cy_ble.o
LOAD .\CortexM0p\ARM_GCC_541\Debug\cy_ble_hal_int.o
LOAD .\CortexM0p\ARM_GCC_541\Debug\cy_ble_hal_pvt.o
LOAD .\CortexM0p\ARM_GCC_541\Debug\cy_ble_gap.o
LOAD .\CortexM0p\ARM_GCC_541\Debug\cy_ble_gatt.o
LOAD .\CortexM0p\ARM_GCC_541\Debug\cy_ble_event_handler.o
LOAD .\CortexM0p\ARM_GCC_541\Debug\cy_ble_ancs.o
LOAD .\CortexM0p\ARM_GCC_541\Debug\cy_ble_ans.o
LOAD .\CortexM0p\ARM_GCC_541\Debug\cy_ble_aios.o
LOAD .\CortexM0p\ARM_GCC_541\Debug\cy_ble_bas.o
LOAD .\CortexM0p\ARM_GCC_541\Debug\cy_ble_bcs.o
LOAD .\CortexM0p\ARM_GCC_541\Debug\cy_ble_bls.o
LOAD .\CortexM0p\ARM_GCC_541\Debug\cy_ble_bms.o
LOAD .\CortexM0p\ARM_GCC_541\Debug\cy_ble_bts.o
LOAD .\CortexM0p\ARM_GCC_541\Debug\cy_ble_cgms.o
LOAD .\CortexM0p\ARM_GCC_541\Debug\cy_ble_cps.o
LOAD .\CortexM0p\ARM_GCC_541\Debug\cy_ble_cscs.o
LOAD .\CortexM0p\ARM_GCC_541\Debug\cy_ble_cts.o
LOAD .\CortexM0p\ARM_GCC_541\Debug\cy_ble_custom.o
LOAD .\CortexM0p\ARM_GCC_541\Debug\cy_ble_dis.o
LOAD .\CortexM0p\ARM_GCC_541\Debug\cy_ble_ess.o
LOAD .\CortexM0p\ARM_GCC_541\Debug\cy_ble_gls.o
LOAD .\CortexM0p\ARM_GCC_541\Debug\cy_ble_hids.o
LOAD .\CortexM0p\ARM_GCC_541\Debug\cy_ble_hps.o
LOAD .\CortexM0p\ARM_GCC_541\Debug\cy_ble_hrs.o
LOAD .\CortexM0p\ARM_GCC_541\Debug\cy_ble_hts.o
LOAD .\CortexM0p\ARM_GCC_541\Debug\cy_ble_ias.o
LOAD .\CortexM0p\ARM_GCC_541\Debug\cy_ble_ips.o
LOAD .\CortexM0p\ARM_GCC_541\Debug\cy_ble_lls.o
LOAD .\CortexM0p\ARM_GCC_541\Debug\cy_ble_lns.o
LOAD .\CortexM0p\ARM_GCC_541\Debug\cy_ble_ndcs.o
LOAD .\CortexM0p\ARM_GCC_541\Debug\cy_ble_plxs.o
LOAD .\CortexM0p\ARM_GCC_541\Debug\cy_ble_pass.o
LOAD .\CortexM0p\ARM_GCC_541\Debug\cy_ble_rscs.o
LOAD .\CortexM0p\ARM_GCC_541\Debug\cy_ble_rtus.o
LOAD .\CortexM0p\ARM_GCC_541\Debug\cy_ble_scps.o
LOAD .\CortexM0p\ARM_GCC_541\Debug\cy_ble_tps.o
LOAD .\CortexM0p\ARM_GCC_541\Debug\cy_ble_uds.o
LOAD .\CortexM0p\ARM_GCC_541\Debug\cy_ble_wpts.o
LOAD .\CortexM0p\ARM_GCC_541\Debug\cy_ble_wss.o
LOAD .\CortexM0p\ARM_GCC_541\Debug\cy_ble_clk.o
END GROUP
START GROUP
LOAD c:/program files (x86)/cypress/psoc creator/4.4/psoc creator/import/gnu/arm/5.4.1/bin/../lib/gcc/arm-none-eabi/5.4.1/armv6-m\libgcc.a
LOAD c:/program files (x86)/cypress/psoc creator/4.4/psoc creator/import/gnu/arm/5.4.1/bin/../lib/gcc/arm-none-eabi/5.4.1/../../../../arm-none-eabi/lib/armv6-m\libg_nano.a
LOAD c:/program files (x86)/cypress/psoc creator/4.4/psoc creator/import/gnu/arm/5.4.1/bin/../lib/gcc/arm-none-eabi/5.4.1/../../../../arm-none-eabi/lib/armv6-m\libc_nano.a
END GROUP
START GROUP
LOAD c:/program files (x86)/cypress/psoc creator/4.4/psoc creator/import/gnu/arm/5.4.1/bin/../lib/gcc/arm-none-eabi/5.4.1/armv6-m\libgcc.a
LOAD c:/program files (x86)/cypress/psoc creator/4.4/psoc creator/import/gnu/arm/5.4.1/bin/../lib/gcc/arm-none-eabi/5.4.1/../../../../arm-none-eabi/lib/armv6-m\libc_nano.a
END GROUP
LOAD c:/program files (x86)/cypress/psoc creator/4.4/psoc creator/import/gnu/arm/5.4.1/bin/../lib/gcc/arm-none-eabi/5.4.1/armv6-m/crtend.o
LOAD c:/program files (x86)/cypress/psoc creator/4.4/psoc creator/import/gnu/arm/5.4.1/bin/../lib/gcc/arm-none-eabi/5.4.1/armv6-m/crtn.o
START GROUP
LOAD c:/program files (x86)/cypress/psoc creator/4.4/psoc creator/import/gnu/arm/5.4.1/bin/../lib/gcc/arm-none-eabi/5.4.1/armv6-m\libgcc.a
LOAD c:/program files (x86)/cypress/psoc creator/4.4/psoc creator/import/gnu/arm/5.4.1/bin/../lib/gcc/arm-none-eabi/5.4.1/../../../../arm-none-eabi/lib/armv6-m\libc.a
LOAD c:/program files (x86)/cypress/psoc creator/4.4/psoc creator/import/gnu/arm/5.4.1/bin/../lib/gcc/arm-none-eabi/5.4.1/../../../../arm-none-eabi/lib/armv6-m\libnosys.a
END GROUP
START GROUP
LOAD c:/program files (x86)/cypress/psoc creator/4.4/psoc creator/import/gnu/arm/5.4.1/bin/../lib/gcc/arm-none-eabi/5.4.1/armv6-m\libgcc.a
LOAD c:/program files (x86)/cypress/psoc creator/4.4/psoc creator/import/gnu/arm/5.4.1/bin/../lib/gcc/arm-none-eabi/5.4.1/../../../../arm-none-eabi/lib/armv6-m\libc.a
LOAD c:/program files (x86)/cypress/psoc creator/4.4/psoc creator/import/gnu/arm/5.4.1/bin/../lib/gcc/arm-none-eabi/5.4.1/../../../../arm-none-eabi/lib/armv6-m\libm.a
LOAD c:/program files (x86)/cypress/psoc creator/4.4/psoc creator/import/gnu/arm/5.4.1/bin/../lib/gcc/arm-none-eabi/5.4.1/../../../../arm-none-eabi/lib/armv6-m\libnosys.a
END GROUP

.cy_app_header
 *(.cy_app_header)

.text           0x10000000     0x62e8
                0x10000000                . = ALIGN (0x4)
                0x10000000                __Vectors = .
 *(.vectors)
 .vectors       0x10000000       0xc0 .\CortexM0p\ARM_GCC_541\Debug\startup_psoc6_01_cm0plus.o
                0x100000c0                . = ALIGN (0x4)
                0x100000c0                __Vectors_End = .
                0x000000c0                __Vectors_Size = (__Vectors_End - __Vectors)
                0x100000c0                __end__ = .
                0x100000c0                . = ALIGN (0x4)
 *(.text*)
 .text          0x100000c0       0x60 c:/program files (x86)/cypress/psoc creator/4.4/psoc creator/import/gnu/arm/5.4.1/bin/../lib/gcc/arm-none-eabi/5.4.1/armv6-m/crtbegin.o
 .text          0x10000120       0x80 .\CortexM0p\ARM_GCC_541\Debug\startup_psoc6_01_cm0plus.o
                0x10000120                Cy_OnResetUser
                0x10000122                Reset_Handler
                0x10000180                NvicMux10_IRQHandler
                0x10000180                NvicMux26_IRQHandler
                0x10000180                SysTick_Handler
                0x10000180                NvicMux21_IRQHandler
                0x10000180                NMI_Handler
                0x10000180                NvicMux19_IRQHandler
                0x10000180                NvicMux8_IRQHandler
                0x10000180                NvicMux27_IRQHandler
                0x10000180                PendSV_Handler
                0x10000180                NvicMux17_IRQHandler
                0x10000180                NvicMux0_IRQHandler
                0x10000180                NvicMux25_IRQHandler
                0x10000180                NvicMux13_IRQHandler
                0x10000180                NvicMux11_IRQHandler
                0x10000180                NvicMux9_IRQHandler
                0x10000180                NvicMux18_IRQHandler
                0x10000180                NvicMux6_IRQHandler
                0x10000180                NvicMux22_IRQHandler
                0x10000180                NvicMux7_IRQHandler
                0x10000180                NvicMux2_IRQHandler
                0x10000180                NvicMux4_IRQHandler
                0x10000180                Default_Handler
                0x10000180                NvicMux30_IRQHandler
                0x10000180                NvicMux12_IRQHandler
                0x10000180                NvicMux5_IRQHandler
                0x10000180                NvicMux14_IRQHandler
                0x10000180                NvicMux3_IRQHandler
                0x10000180                SVC_Handler
                0x10000180                NvicMux1_IRQHandler
                0x10000180                NvicMux16_IRQHandler
                0x10000180                NvicMux29_IRQHandler
                0x10000180                NvicMux31_IRQHandler
                0x10000180                NvicMux24_IRQHandler
                0x10000180                NvicMux20_IRQHandler
                0x10000180                NvicMux15_IRQHandler
                0x10000180                NvicMux28_IRQHandler
                0x10000180                NvicMux23_IRQHandler
                0x10000184                HardFault_Handler
 .text.main     0x100001a0       0x1c .\CortexM0p\ARM_GCC_541\Debug\main_cm0p.o
                0x100001a0                main
 .text.Cy_SysIpcPipeIsrCm0
                0x100001bc        0xc .\CortexM0p\ARM_GCC_541\Debug\system_psoc6_cm0plus.o
                0x100001bc                Cy_SysIpcPipeIsrCm0
 .text.SystemCoreClockUpdate
                0x100001c8      0x1b0 .\CortexM0p\ARM_GCC_541\Debug\system_psoc6_cm0plus.o
                0x100001c8                SystemCoreClockUpdate
 .text.SystemInit
                0x10000378       0xc8 .\CortexM0p\ARM_GCC_541\Debug\system_psoc6_cm0plus.o
                0x10000378                SystemInit
 .text.Cy_SysGetCM4Status
                0x10000440       0x10 .\CortexM0p\ARM_GCC_541\Debug\system_psoc6_cm0plus.o
                0x10000440                Cy_SysGetCM4Status
 .text.Cy_SysResetCM4
                0x10000450       0x34 .\CortexM0p\ARM_GCC_541\Debug\system_psoc6_cm0plus.o
                0x10000450                Cy_SysResetCM4
 .text.Cy_SysEnableCM4
                0x10000484       0x5c .\CortexM0p\ARM_GCC_541\Debug\system_psoc6_cm0plus.o
                0x10000484                Cy_SysEnableCM4
 .text.CyClockStartupError
                0x100004e0        0x4 .\CortexM0p\ARM_GCC_541\Debug\cyfitter_cfg.o
 .text.AnalogSetDefault
                0x100004e4       0x10 .\CortexM0p\ARM_GCC_541\Debug\cyfitter_cfg.o
 .text.ClockInit
                0x100004f4      0x238 .\CortexM0p\ARM_GCC_541\Debug\cyfitter_cfg.o
 .text.Cy_SystemInit
                0x1000072c      0x158 .\CortexM0p\ARM_GCC_541\Debug\cyfitter_cfg.o
                0x1000072c                Cy_SystemInit
 .text.Cy_BLE_Start
                0x10000884       0x2c .\CortexM0p\ARM_GCC_541\Debug\BLE.o
                0x10000884                Cy_BLE_Start
 .text.Cy_Flash_BoundsCheck
                0x100008b0        0xc .\CortexM0p\ARM_GCC_541\Debug\cy_flash.o
 .text.Cy_Flash_ProcessOpcode
                0x100008bc       0xbc .\CortexM0p\ARM_GCC_541\Debug\cy_flash.o
 .text.Cy_Flash_OperationStatus
                0x10000978       0x5c .\CortexM0p\ARM_GCC_541\Debug\cy_flash.o
 .text.Cy_Flash_InitExt
                0x100009d4       0x44 .\CortexM0p\ARM_GCC_541\Debug\cy_flash.o
                0x100009d4                Cy_Flash_InitExt
 .text.Cy_Flash_Init
                0x10000a18       0x10 .\CortexM0p\ARM_GCC_541\Debug\cy_flash.o
                0x10000a18                Cy_Flash_Init
 .text.Cy_Flash_WriteRow
                0x10000a28       0xa0 .\CortexM0p\ARM_GCC_541\Debug\cy_flash.o
                0x10000a28                Cy_Flash_WriteRow
 .text.Cy_Flash_IsOperationComplete
                0x10000ac8        0x8 .\CortexM0p\ARM_GCC_541\Debug\cy_flash.o
                0x10000ac8                Cy_Flash_IsOperationComplete
 .text.Cy_Flash_StartErase
                0x10000ad0       0xac .\CortexM0p\ARM_GCC_541\Debug\cy_flash.o
                0x10000ad0                Cy_Flash_StartErase
 .text.Cy_Flash_StartProgram
                0x10000b7c       0xb4 .\CortexM0p\ARM_GCC_541\Debug\cy_flash.o
                0x10000b7c                Cy_Flash_StartProgram
 .text.Cy_GPIO_Pin_Init
                0x10000c30      0x334 .\CortexM0p\ARM_GCC_541\Debug\cy_gpio.o
                0x10000c30                Cy_GPIO_Pin_Init
 .text.Cy_GPIO_Port_Init
                0x10000f64       0xdc .\CortexM0p\ARM_GCC_541\Debug\cy_gpio.o
                0x10000f64                Cy_GPIO_Port_Init
 .text.Cy_IPC_Drv_LockRelease
                0x10001040       0x40 .\CortexM0p\ARM_GCC_541\Debug\cy_ipc_drv.o
                0x10001040                Cy_IPC_Drv_LockRelease
 .text.Cy_IPC_Drv_SendMsgWord
                0x10001080       0x40 .\CortexM0p\ARM_GCC_541\Debug\cy_ipc_drv.o
                0x10001080                Cy_IPC_Drv_SendMsgWord
 .text.Cy_IPC_Drv_ReadMsgWord
                0x100010c0       0x38 .\CortexM0p\ARM_GCC_541\Debug\cy_ipc_drv.o
                0x100010c0                Cy_IPC_Drv_ReadMsgWord
 .text.Cy_IPC_Sema_InitExt
                0x100010f8       0xac .\CortexM0p\ARM_GCC_541\Debug\cy_ipc_sema.o
                0x100010f8                Cy_IPC_Sema_InitExt
 .text.Cy_IPC_Sema_Init
                0x100011a4       0x68 .\CortexM0p\ARM_GCC_541\Debug\cy_ipc_sema.o
                0x100011a4                Cy_IPC_Sema_Init
 .text.Cy_IPC_Sema_Set
                0x1000120c       0x8c .\CortexM0p\ARM_GCC_541\Debug\cy_ipc_sema.o
                0x1000120c                Cy_IPC_Sema_Set
 .text.Cy_IPC_Sema_Clear
                0x10001298       0x8c .\CortexM0p\ARM_GCC_541\Debug\cy_ipc_sema.o
                0x10001298                Cy_IPC_Sema_Clear
 .text.Cy_IPC_Sema_Status
                0x10001324       0x3c .\CortexM0p\ARM_GCC_541\Debug\cy_ipc_sema.o
                0x10001324                Cy_IPC_Sema_Status
 .text.Cy_IPC_Pipe_Config
                0x10001360       0x14 .\CortexM0p\ARM_GCC_541\Debug\cy_ipc_pipe.o
                0x10001360                Cy_IPC_Pipe_Config
 .text.Cy_IPC_Pipe_EndpointInit
                0x10001374       0xd8 .\CortexM0p\ARM_GCC_541\Debug\cy_ipc_pipe.o
                0x10001374                Cy_IPC_Pipe_EndpointInit
 .text.Cy_IPC_Pipe_Init
                0x1000144c       0xbc .\CortexM0p\ARM_GCC_541\Debug\cy_ipc_pipe.o
                0x1000144c                Cy_IPC_Pipe_Init
 .text.Cy_IPC_Pipe_SendMessage
                0x10001508       0xb8 .\CortexM0p\ARM_GCC_541\Debug\cy_ipc_pipe.o
                0x10001508                Cy_IPC_Pipe_SendMessage
 .text.Cy_IPC_Pipe_RegisterCallback
                0x100015c0       0x54 .\CortexM0p\ARM_GCC_541\Debug\cy_ipc_pipe.o
                0x100015c0                Cy_IPC_Pipe_RegisterCallback
 .text.Cy_IPC_Pipe_RegisterCallbackRel
                0x10001614       0x30 .\CortexM0p\ARM_GCC_541\Debug\cy_ipc_pipe.o
                0x10001614                Cy_IPC_Pipe_RegisterCallbackRel
 .text.Cy_IPC_Pipe_ExecCallback
                0x10001644       0xd0 .\CortexM0p\ARM_GCC_541\Debug\cy_ipc_pipe.o
                0x10001644                Cy_IPC_Pipe_ExecCallback
 .text.Cy_IPC_Pipe_ExecuteCallback
                0x10001714       0x30 .\CortexM0p\ARM_GCC_541\Debug\cy_ipc_pipe.o
                0x10001714                Cy_IPC_Pipe_ExecuteCallback
 .text.Cy_IPC_Pipe_EndpointPause
                0x10001744       0x50 .\CortexM0p\ARM_GCC_541\Debug\cy_ipc_pipe.o
                0x10001744                Cy_IPC_Pipe_EndpointPause
 .text.Cy_IPC_Pipe_EndpointResume
                0x10001794       0x48 .\CortexM0p\ARM_GCC_541\Debug\cy_ipc_pipe.o
                0x10001794                Cy_IPC_Pipe_EndpointResume
 .text.Cy_Prot_GetActivePC
                0x100017dc       0x34 .\CortexM0p\ARM_GCC_541\Debug\cy_prot.o
                0x100017dc                Cy_Prot_GetActivePC
 .text.Cy_SysClk_ClkPathSetSource
                0x10001810       0x5c .\CortexM0p\ARM_GCC_541\Debug\cy_sysclk.o
                0x10001810                Cy_SysClk_ClkPathSetSource
 .text.Cy_SysClk_ClkPathGetSource
                0x1000186c       0x4c .\CortexM0p\ARM_GCC_541\Debug\cy_sysclk.o
                0x1000186c                Cy_SysClk_ClkPathGetSource
 .text.Cy_SysClk_FllManualConfigure
                0x100018b8      0x178 .\CortexM0p\ARM_GCC_541\Debug\cy_sysclk.o
                0x100018b8                Cy_SysClk_FllManualConfigure
 .text.Cy_SysClk_FllEnable
                0x10001a30       0xdc .\CortexM0p\ARM_GCC_541\Debug\cy_sysclk.o
                0x10001a30                Cy_SysClk_FllEnable
 .text.Cy_SysClk_StartClkMeasurementCounters
                0x10001b0c      0x19c .\CortexM0p\ARM_GCC_541\Debug\cy_sysclk.o
                0x10001b0c                Cy_SysClk_StartClkMeasurementCounters
 .text.Cy_SysClk_ClkMeasurementCountersGetFreq
                0x10001ca8       0xbc .\CortexM0p\ARM_GCC_541\Debug\cy_sysclk.o
                0x10001ca8                Cy_SysClk_ClkMeasurementCountersGetFreq
 .text.Cy_SysInt_SetInterruptSource
                0x10001d64       0x78 .\CortexM0p\ARM_GCC_541\Debug\cy_sysint.o
                0x10001d64                Cy_SysInt_SetInterruptSource
 .text.Cy_SysInt_SetVector
                0x10001ddc       0x44 .\CortexM0p\ARM_GCC_541\Debug\cy_sysint.o
                0x10001ddc                Cy_SysInt_SetVector
 .text.Cy_SysInt_Init
                0x10001e20       0xc4 .\CortexM0p\ARM_GCC_541\Debug\cy_sysint.o
                0x10001e20                Cy_SysInt_Init
 .text.Cy_SysLib_DelayUs
                0x10001ee4       0x14 .\CortexM0p\ARM_GCC_541\Debug\cy_syslib.o
                0x10001ee4                Cy_SysLib_DelayUs
 .text.Cy_SysLib_Halt
                0x10001ef8        0x4 .\CortexM0p\ARM_GCC_541\Debug\cy_syslib.o
                0x10001ef8                Cy_SysLib_Halt
 .text.Cy_SysLib_AssertFailed
                0x10001efc       0x1c .\CortexM0p\ARM_GCC_541\Debug\cy_syslib.o
                0x10001efc                Cy_SysLib_AssertFailed
 .text.Cy_SysLib_ClearFlashCacheAndBuffer
                0x10001f18       0x10 .\CortexM0p\ARM_GCC_541\Debug\cy_syslib.o
                0x10001f18                Cy_SysLib_ClearFlashCacheAndBuffer
 .text.Cy_SysLib_ResetBackupDomain
                0x10001f28       0x20 .\CortexM0p\ARM_GCC_541\Debug\cy_syslib.o
                0x10001f28                Cy_SysLib_ResetBackupDomain
 .text.Cy_SysLib_GetResetReason
                0x10001f48       0x1c .\CortexM0p\ARM_GCC_541\Debug\cy_syslib.o
                0x10001f48                Cy_SysLib_GetResetReason
 .text.Cy_SysLib_ProcessingFault
                0x10001f64        0x4 .\CortexM0p\ARM_GCC_541\Debug\cy_syslib.o
                0x10001f64                Cy_SysLib_ProcessingFault
 .text.Cy_SysLib_FaultHandler
                0x10001f68       0x30 .\CortexM0p\ARM_GCC_541\Debug\cy_syslib.o
                0x10001f68                Cy_SysLib_FaultHandler
 .text.Cy_SysLib_SetWaitStates
                0x10001f98       0xe0 .\CortexM0p\ARM_GCC_541\Debug\cy_syslib.o
                0x10001f98                Cy_SysLib_SetWaitStates
 .text          0x10002078       0x20 .\CortexM0p\ARM_GCC_541\Debug\cy_syslib_gcc.o
                0x10002078                Cy_SysLib_DelayCycles
                0x1000208a                Cy_SysLib_EnterCriticalSection
                0x10002092                Cy_SysLib_ExitCriticalSection
 .text.SetReadMarginTrimUlp
                0x10002098       0x98 .\CortexM0p\ARM_GCC_541\Debug\cy_syspm.o
 .text.SetReadMarginTrimLp
                0x10002130       0x90 .\CortexM0p\ARM_GCC_541\Debug\cy_syspm.o
 .text.SetWriteAssistTrimUlp
                0x100021c0       0x74 .\CortexM0p\ARM_GCC_541\Debug\cy_syspm.o
 .text.SetWriteAssistTrimLp
                0x10002234       0x84 .\CortexM0p\ARM_GCC_541\Debug\cy_syspm.o
 .text.IsVoltageChangePossible
                0x100022b8       0x58 .\CortexM0p\ARM_GCC_541\Debug\cy_syspm.o
 .text.Cy_SysPm_BuckIsOutputEnabled
                0x10002310       0x5c .\CortexM0p\ARM_GCC_541\Debug\cy_syspm.o
                0x10002310                Cy_SysPm_BuckIsOutputEnabled
 .text.Cy_SysPm_BuckSetVoltage2
                0x1000236c       0x6c .\CortexM0p\ARM_GCC_541\Debug\cy_syspm.o
                0x1000236c                Cy_SysPm_BuckSetVoltage2
 .text.Cy_SysPm_RegisterCallback
                0x100023d8       0x5c .\CortexM0p\ARM_GCC_541\Debug\cy_syspm.o
                0x100023d8                Cy_SysPm_RegisterCallback
 .text.Cy_SysPm_ExecuteCallback
                0x10002434       0xd4 .\CortexM0p\ARM_GCC_541\Debug\cy_syspm.o
                0x10002434                Cy_SysPm_ExecuteCallback
 .text.Cy_SysPm_CpuEnterSleep
                0x10002508       0x8c .\CortexM0p\ARM_GCC_541\Debug\cy_syspm.o
                0x10002508                Cy_SysPm_CpuEnterSleep
 .text.Cy_SysPm_IoUnfreeze
                0x10002594       0x2c .\CortexM0p\ARM_GCC_541\Debug\cy_syspm.o
                0x10002594                Cy_SysPm_IoUnfreeze
 .text.Cy_SysPm_WriteVoltageBitForFlash
                0x100025c0      0x12c .\CortexM0p\ARM_GCC_541\Debug\cy_syspm.o
                0x100025c0                Cy_SysPm_WriteVoltageBitForFlash
 .text.Cy_SysPm_BuckSetVoltage1
                0x100026ec       0xa0 .\CortexM0p\ARM_GCC_541\Debug\cy_syspm.o
                0x100026ec                Cy_SysPm_BuckSetVoltage1
 .text.Cy_SysPm_LdoSetVoltage
                0x1000278c       0xd0 .\CortexM0p\ARM_GCC_541\Debug\cy_syspm.o
                0x1000278c                Cy_SysPm_LdoSetVoltage
 .text.Cy_SysTick_SetClockSource
                0x1000285c       0x3c .\CortexM0p\ARM_GCC_541\Debug\cy_systick.o
                0x1000285c                Cy_SysTick_SetClockSource
 .text.Cy_WDT_Unlock
                0x10002898       0x24 .\CortexM0p\ARM_GCC_541\Debug\cy_wdt.o
                0x10002898                Cy_WDT_Unlock
 .text.Cy_PDL_Init
                0x100028bc        0xc .\CortexM0p\ARM_GCC_541\Debug\cy_device.o
                0x100028bc                Cy_PDL_Init
 .text.Cy_BLE_DeepSleepCallback
                0x100028c8       0xb4 .\CortexM0p\ARM_GCC_541\Debug\cy_ble.o
                0x100028c8                Cy_BLE_DeepSleepCallback
 .text.Cy_BLE_Init
                0x1000297c       0x18 .\CortexM0p\ARM_GCC_541\Debug\cy_ble.o
                0x1000297c                Cy_BLE_Init
 .text.Cy_BLE_Enable
                0x10002994       0x80 .\CortexM0p\ARM_GCC_541\Debug\cy_ble.o
                0x10002994                Cy_BLE_Enable
 .text.Cy_BLE_ConfigureExtPA
                0x10002a14       0x10 .\CortexM0p\ARM_GCC_541\Debug\cy_ble.o
                0x10002a14                Cy_BLE_ConfigureExtPA
 .text.Cy_BLE_BlessInterrupt
                0x10002a24        0x8 .\CortexM0p\ARM_GCC_541\Debug\cy_ble_hal_int.o
                0x10002a24                Cy_BLE_BlessInterrupt
 .text.Cy_BLE_IPC_CtrlMsgFlushRecvCallBack
                0x10002a2c       0x10 .\CortexM0p\ARM_GCC_541\Debug\cy_ble_hal_pvt.o
 .text.Cy_BLE_HAL_RadioCalibrationRead
                0x10002a3c       0x2c .\CortexM0p\ARM_GCC_541\Debug\cy_ble_hal_pvt.o
                0x10002a3c                Cy_BLE_HAL_RadioCalibrationRead
 .text.Cy_BLE_HAL_NvramWrite
                0x10002a68      0x324 .\CortexM0p\ARM_GCC_541\Debug\cy_ble_hal_pvt.o
                0x10002a68                Cy_BLE_HAL_NvramWrite
 .text.Cy_BLE_HAL_RadioCalibrationWrite
                0x10002d8c       0x2c .\CortexM0p\ARM_GCC_541\Debug\cy_ble_hal_pvt.o
                0x10002d8c                Cy_BLE_HAL_RadioCalibrationWrite
 .text.Cy_BLE_HAL_GetIcPackageType
                0x10002db8        0x4 .\CortexM0p\ARM_GCC_541\Debug\cy_ble_hal_pvt.o
                0x10002db8                Cy_BLE_HAL_GetIcPackageType
 .text.Cy_BLE_HAL_RadioGetAbsVbat
                0x10002dbc       0x20 .\CortexM0p\ARM_GCC_541\Debug\cy_ble_hal_pvt.o
                0x10002dbc                Cy_BLE_HAL_RadioGetAbsVbat
 .text.Cy_BLE_HAL_RadioGetAbsTemp
                0x10002ddc       0x24 .\CortexM0p\ARM_GCC_541\Debug\cy_ble_hal_pvt.o
                0x10002ddc                Cy_BLE_HAL_RadioGetAbsTemp
 .text.Cy_BLE_HAL_IsDefinedTx5dbm
                0x10002e00        0x4 .\CortexM0p\ARM_GCC_541\Debug\cy_ble_hal_pvt.o
                0x10002e00                Cy_BLE_HAL_IsDefinedTx5dbm
 .text.Cy_BLE_HAL_DelayUs
                0x10002e04        0x8 .\CortexM0p\ARM_GCC_541\Debug\cy_ble_hal_pvt.o
                0x10002e04                Cy_BLE_HAL_DelayUs
 .text.Cy_BLE_HAL_EnableBlessInterrupt
                0x10002e0c       0x24 .\CortexM0p\ARM_GCC_541\Debug\cy_ble_hal_pvt.o
                0x10002e0c                Cy_BLE_HAL_EnableBlessInterrupt
 .text.Cy_BLE_HAL_DisableBlessInterrupt
                0x10002e30       0x30 .\CortexM0p\ARM_GCC_541\Debug\cy_ble_hal_pvt.o
                0x10002e30                Cy_BLE_HAL_DisableBlessInterrupt
 .text.Cy_BLE_HAL_LfClkGetSource
                0x10002e60       0x14 .\CortexM0p\ARM_GCC_541\Debug\cy_ble_hal_pvt.o
                0x10002e60                Cy_BLE_HAL_LfClkGetSource
 .text.Cy_BLE_HAL_ClkMeasurementCountersDone
                0x10002e74       0x14 .\CortexM0p\ARM_GCC_541\Debug\cy_ble_hal_pvt.o
                0x10002e74                Cy_BLE_HAL_ClkMeasurementCountersDone
 .text.Cy_BLE_HAL_ClkMeasurementCountersGetFreq
                0x10002e88        0x8 .\CortexM0p\ARM_GCC_541\Debug\cy_ble_hal_pvt.o
                0x10002e88                Cy_BLE_HAL_ClkMeasurementCountersGetFreq
 .text.Cy_BLE_HAL_StartClkMeasurementCounters
                0x10002e90       0x2c .\CortexM0p\ARM_GCC_541\Debug\cy_ble_hal_pvt.o
                0x10002e90                Cy_BLE_HAL_StartClkMeasurementCounters
 .text.Cy_BLE_HAL_TryPiloTrim
                0x10002ebc       0x78 .\CortexM0p\ARM_GCC_541\Debug\cy_ble_hal_pvt.o
                0x10002ebc                Cy_BLE_HAL_TryPiloTrim
 .text.Cy_BLE_HAL_PiloTrim
                0x10002f34       0x14 .\CortexM0p\ARM_GCC_541\Debug\cy_ble_hal_pvt.o
                0x10002f34                Cy_BLE_HAL_PiloTrim
 .text.Cy_BLE_HAL_BlessStart
                0x10002f48       0x40 .\CortexM0p\ARM_GCC_541\Debug\cy_ble_hal_pvt.o
                0x10002f48                Cy_BLE_HAL_BlessStart
 .text.Cy_BLE_HAL_GetIpBlockVersion
                0x10002f88        0x4 .\CortexM0p\ARM_GCC_541\Debug\cy_ble_hal_pvt.o
                0x10002f88                Cy_BLE_HAL_GetIpBlockVersion
 .text.Cy_BLE_HAL_EnterCriticalSection
                0x10002f8c        0x8 .\CortexM0p\ARM_GCC_541\Debug\cy_ble_hal_pvt.o
                0x10002f8c                Cy_BLE_HAL_EnterCriticalSection
 .text.Cy_BLE_HAL_ExitCriticalSection
                0x10002f94        0x8 .\CortexM0p\ARM_GCC_541\Debug\cy_ble_hal_pvt.o
                0x10002f94                Cy_BLE_HAL_ExitCriticalSection
 .text.Cy_BLE_HAL_SysPmSleep
                0x10002f9c        0x8 .\CortexM0p\ARM_GCC_541\Debug\cy_ble_hal_pvt.o
                0x10002f9c                Cy_BLE_HAL_SysPmSleep
 .text.Cy_BLE_HAL_SimoBuckSetVoltage2
                0x10002fa4        0xc .\CortexM0p\ARM_GCC_541\Debug\cy_ble_hal_pvt.o
                0x10002fa4                Cy_BLE_HAL_SimoBuckSetVoltage2
 .text.Cy_BLE_HAL_EnableControllerIpcPipeInterrupt
                0x10002fb0        0xc .\CortexM0p\ARM_GCC_541\Debug\cy_ble_hal_pvt.o
                0x10002fb0                Cy_BLE_HAL_EnableControllerIpcPipeInterrupt
 .text.Cy_BLE_HAL_DisableControllerIpcPipeInterrupt
                0x10002fbc        0xc .\CortexM0p\ARM_GCC_541\Debug\cy_ble_hal_pvt.o
                0x10002fbc                Cy_BLE_HAL_DisableControllerIpcPipeInterrupt
 .text.Cy_BLE_IPC_ControllerRegisterClientCallbacks
                0x10002fc8       0x28 .\CortexM0p\ARM_GCC_541\Debug\cy_ble_hal_pvt.o
                0x10002fc8                Cy_BLE_IPC_ControllerRegisterClientCallbacks
 .text.Cy_BLE_IPC_SendMessageToHost
                0x10002ff0       0x20 .\CortexM0p\ARM_GCC_541\Debug\cy_ble_hal_pvt.o
                0x10002ff0                Cy_BLE_IPC_SendMessageToHost
 .text.Cy_BLE_HAL_RcbRegRead
                0x10003010       0x50 .\CortexM0p\ARM_GCC_541\Debug\cy_ble_clk.o
 .text.Cy_BLE_HAL_RcbRegWrite
                0x10003060       0x4c .\CortexM0p\ARM_GCC_541\Debug\cy_ble_clk.o
 .text.Cy_BLE_HAL_MxdRadioEnableClocks
                0x100030ac      0x21c .\CortexM0p\ARM_GCC_541\Debug\cy_ble_clk.o
 .text.Cy_BLE_HAL_EcoSetTrim
                0x100032c8       0x38 .\CortexM0p\ARM_GCC_541\Debug\cy_ble_clk.o
 .text.Cy_BLE_EcoStop
                0x10003300       0x18 .\CortexM0p\ARM_GCC_541\Debug\cy_ble_clk.o
                0x10003300                Cy_BLE_EcoStop
 .text.Cy_BLE_HAL_Init
                0x10003318       0x68 .\CortexM0p\ARM_GCC_541\Debug\cy_ble_clk.o
                0x10003318                Cy_BLE_HAL_Init
 .text.Cy_BLE_EcoStart
                0x10003380      0x254 .\CortexM0p\ARM_GCC_541\Debug\cy_ble_clk.o
                0x10003380                Cy_BLE_EcoStart
 .text.Cy_BLE_HAL_EcoGetFrequency
                0x100035d4        0xc .\CortexM0p\ARM_GCC_541\Debug\cy_ble_clk.o
                0x100035d4                Cy_BLE_HAL_EcoGetFrequency
 .text.Cy_BLE_HAL_IsEcoCpuClockSrc
                0x100035e0       0x20 .\CortexM0p\ARM_GCC_541\Debug\cy_ble_clk.o
                0x100035e0                Cy_BLE_HAL_IsEcoCpuClockSrc
 .text.Cy_BLE_HAL_IsWcoLfclkSrc
                0x10003600       0x24 .\CortexM0p\ARM_GCC_541\Debug\cy_ble_clk.o
                0x10003600                Cy_BLE_HAL_IsWcoLfclkSrc
 .text          0x10003624      0x114 c:/program files (x86)/cypress/psoc creator/4.4/psoc creator/import/gnu/arm/5.4.1/bin/../lib/gcc/arm-none-eabi/5.4.1/armv6-m\libgcc.a(_udivsi3.o)
                0x10003624                __aeabi_uidiv
                0x10003624                __udivsi3
                0x10003730                __aeabi_uidivmod
 .text          0x10003738      0x1d4 c:/program files (x86)/cypress/psoc creator/4.4/psoc creator/import/gnu/arm/5.4.1/bin/../lib/gcc/arm-none-eabi/5.4.1/armv6-m\libgcc.a(_divsi3.o)
                0x10003738                __divsi3
                0x10003738                __aeabi_idiv
                0x10003904                __aeabi_idivmod
 .text          0x1000390c        0x4 c:/program files (x86)/cypress/psoc creator/4.4/psoc creator/import/gnu/arm/5.4.1/bin/../lib/gcc/arm-none-eabi/5.4.1/armv6-m\libgcc.a(_dvmd_tls.o)
                0x1000390c                __aeabi_idiv0
                0x1000390c                __aeabi_ldiv0
 .text          0x10003910       0x40 c:/program files (x86)/cypress/psoc creator/4.4/psoc creator/import/gnu/arm/5.4.1/bin/../lib/gcc/arm-none-eabi/5.4.1/armv6-m\libgcc.a(_aeabi_uldivmod.o)
                0x10003910                __aeabi_uldivmod
 .text          0x10003950       0x58 c:/program files (x86)/cypress/psoc creator/4.4/psoc creator/import/gnu/arm/5.4.1/bin/../lib/gcc/arm-none-eabi/5.4.1/armv6-m\libgcc.a(_muldi3.o)
                0x10003950                __muldi3
                0x10003950                __aeabi_lmul
 .text          0x100039a8       0x3c c:/program files (x86)/cypress/psoc creator/4.4/psoc creator/import/gnu/arm/5.4.1/bin/../lib/gcc/arm-none-eabi/5.4.1/armv6-m\libgcc.a(_fixunsdfsi.o)
                0x100039a8                __aeabi_d2uiz
                0x100039a8                __fixunsdfsi
 .text          0x100039e4      0x180 c:/program files (x86)/cypress/psoc creator/4.4/psoc creator/import/gnu/arm/5.4.1/bin/../lib/gcc/arm-none-eabi/5.4.1/armv6-m\libgcc.a(_udivmoddi4.o)
                0x100039e4                __udivmoddi4
 .text          0x10003b64      0x62c c:/program files (x86)/cypress/psoc creator/4.4/psoc creator/import/gnu/arm/5.4.1/bin/../lib/gcc/arm-none-eabi/5.4.1/armv6-m\libgcc.a(divdf3.o)
                0x10003b64                __aeabi_ddiv
 .text          0x10004190      0x4f4 c:/program files (x86)/cypress/psoc creator/4.4/psoc creator/import/gnu/arm/5.4.1/bin/../lib/gcc/arm-none-eabi/5.4.1/armv6-m\libgcc.a(muldf3.o)
                0x10004190                __aeabi_dmul
 .text          0x10004684      0x6a8 c:/program files (x86)/cypress/psoc creator/4.4/psoc creator/import/gnu/arm/5.4.1/bin/../lib/gcc/arm-none-eabi/5.4.1/armv6-m\libgcc.a(subdf3.o)
                0x10004684                __aeabi_dsub
 .text          0x10004d2c       0x6c c:/program files (x86)/cypress/psoc creator/4.4/psoc creator/import/gnu/arm/5.4.1/bin/../lib/gcc/arm-none-eabi/5.4.1/armv6-m\libgcc.a(fixdfsi.o)
                0x10004d2c                __aeabi_d2iz
 .text          0x10004d98       0x70 c:/program files (x86)/cypress/psoc creator/4.4/psoc creator/import/gnu/arm/5.4.1/bin/../lib/gcc/arm-none-eabi/5.4.1/armv6-m\libgcc.a(floatunsidf.o)
                0x10004d98                __aeabi_ui2d
 .text          0x10004e08       0x7c c:/program files (x86)/cypress/psoc creator/4.4/psoc creator/import/gnu/arm/5.4.1/bin/../lib/gcc/arm-none-eabi/5.4.1/armv6-m\libgcc.a(_arm_cmpdf2.o)
                0x10004e08                __aeabi_cdrcmple
                0x10004e18                __aeabi_cdcmple
                0x10004e18                __aeabi_cdcmpeq
                0x10004e28                __aeabi_dcmpeq
                0x10004e34                __aeabi_dcmplt
                0x10004e48                __aeabi_dcmple
                0x10004e5c                __aeabi_dcmpgt
                0x10004e70                __aeabi_dcmpge
 .text          0x10004e84       0x3c c:/program files (x86)/cypress/psoc creator/4.4/psoc creator/import/gnu/arm/5.4.1/bin/../lib/gcc/arm-none-eabi/5.4.1/armv6-m\libgcc.a(_clzsi2.o)
                0x10004e84                __clzsi2
 .text          0x10004ec0       0x18 c:/program files (x86)/cypress/psoc creator/4.4/psoc creator/import/gnu/arm/5.4.1/bin/../lib/gcc/arm-none-eabi/5.4.1/armv6-m\libgcc.a(_clzdi2.o)
                0x10004ec0                __clzdi2
 .text          0x10004ed8       0x80 c:/program files (x86)/cypress/psoc creator/4.4/psoc creator/import/gnu/arm/5.4.1/bin/../lib/gcc/arm-none-eabi/5.4.1/armv6-m\libgcc.a(eqdf2.o)
                0x10004ed8                __nedf2
                0x10004ed8                __eqdf2
 .text          0x10004f58       0xc8 c:/program files (x86)/cypress/psoc creator/4.4/psoc creator/import/gnu/arm/5.4.1/bin/../lib/gcc/arm-none-eabi/5.4.1/armv6-m\libgcc.a(gedf2.o)
                0x10004f58                __gedf2
                0x10004f58                __gtdf2
 .text          0x10005020       0xd4 c:/program files (x86)/cypress/psoc creator/4.4/psoc creator/import/gnu/arm/5.4.1/bin/../lib/gcc/arm-none-eabi/5.4.1/armv6-m\libgcc.a(ledf2.o)
                0x10005020                __ledf2
                0x10005020                __ltdf2
 .text.memcmp   0x100050f4       0x1e c:/program files (x86)/cypress/psoc creator/4.4/psoc creator/import/gnu/arm/5.4.1/bin/../lib/gcc/arm-none-eabi/5.4.1/../../../../arm-none-eabi/lib/armv6-m\libg_nano.a(lib_a-memcmp.o)
                0x100050f4                memcmp
 .text.memcpy   0x10005112       0x12 c:/program files (x86)/cypress/psoc creator/4.4/psoc creator/import/gnu/arm/5.4.1/bin/../lib/gcc/arm-none-eabi/5.4.1/../../../../arm-none-eabi/lib/armv6-m\libg_nano.a(lib_a-memcpy-stub.o)
                0x10005112                memcpy
 .text.memset   0x10005124       0x10 c:/program files (x86)/cypress/psoc creator/4.4/psoc creator/import/gnu/arm/5.4.1/bin/../lib/gcc/arm-none-eabi/5.4.1/../../../../arm-none-eabi/lib/armv6-m\libg_nano.a(lib_a-memset.o)
                0x10005124                memset
 .text.strncpy  0x10005134       0x26 c:/program files (x86)/cypress/psoc creator/4.4/psoc creator/import/gnu/arm/5.4.1/bin/../lib/gcc/arm-none-eabi/5.4.1/../../../../arm-none-eabi/lib/armv6-m\libg_nano.a(lib_a-strncpy.o)
                0x10005134                strncpy
 *(.init)
 *fill*         0x1000515a        0x2 
 .init          0x1000515c        0x4 c:/program files (x86)/cypress/psoc creator/4.4/psoc creator/import/gnu/arm/5.4.1/bin/../lib/gcc/arm-none-eabi/5.4.1/armv6-m/crti.o
                0x1000515c                _init
 .init          0x10005160        0x8 c:/program files (x86)/cypress/psoc creator/4.4/psoc creator/import/gnu/arm/5.4.1/bin/../lib/gcc/arm-none-eabi/5.4.1/armv6-m/crtn.o
 *(.fini)
 .fini          0x10005168        0x4 c:/program files (x86)/cypress/psoc creator/4.4/psoc creator/import/gnu/arm/5.4.1/bin/../lib/gcc/arm-none-eabi/5.4.1/armv6-m/crti.o
                0x10005168                _fini
 .fini          0x1000516c        0x8 c:/program files (x86)/cypress/psoc creator/4.4/psoc creator/import/gnu/arm/5.4.1/bin/../lib/gcc/arm-none-eabi/5.4.1/armv6-m/crtn.o
 *fill*         0x10005174        0x4 
 .fini.__stub   0x10005178       0x10 linker stubs
 *crtbegin.o(.ctors)
 *crtbegin?.o(.ctors)
 *(EXCLUDE_FILE(*crtend.o *crtend?.o) .ctors)
 *(SORT(.ctors.*))
 *(.ctors)
 *crtbegin.o(.dtors)
 *crtbegin?.o(.dtors)
 *(EXCLUDE_FILE(*crtend.o *crtend?.o) .dtors)
 *(SORT(.dtors.*))
 *(.dtors)
 *(.rodata .rodata.* .constdata .constdata.* .conststring .conststring.*)
 .rodata        0x10005188       0x34 .\CortexM0p\ARM_GCC_541\Debug\system_psoc6_cm0plus.o
 .rodata.str1.4
                0x100051bc       0x17 .\CortexM0p\ARM_GCC_541\Debug\system_psoc6_cm0plus.o
 *fill*         0x100051d3        0x1 
 .rodata        0x100051d4        0x8 .\CortexM0p\ARM_GCC_541\Debug\cyfitter_sysint_cfg.o
                0x100051d4                BLE_bless_isr_cfg
 .rodata        0x100051dc       0xa4 .\CortexM0p\ARM_GCC_541\Debug\cyfitter_cfg.o
 .rodata.str1.4
                0x10005280       0x3f .\CortexM0p\ARM_GCC_541\Debug\cy_flash.o
 *fill*         0x100052bf        0x1 
 .rodata.str1.4
                0x100052c0       0x7d .\CortexM0p\ARM_GCC_541\Debug\cy_gpio.o
 *fill*         0x1000533d        0x3 
 .rodata.str1.4
                0x10005340       0x7f .\CortexM0p\ARM_GCC_541\Debug\cy_ipc_drv.o
 .rodata.str1.4
                0x100053bf       0x3f .\CortexM0p\ARM_GCC_541\Debug\cy_ipc_sema.o
 *fill*         0x100053bf        0x1 
 .rodata.str1.4
                0x100053c0       0x40 .\CortexM0p\ARM_GCC_541\Debug\cy_ipc_pipe.o
                                 0x7f (size before relaxing)
 .rodata.str1.4
                0x10005400       0x3d .\CortexM0p\ARM_GCC_541\Debug\cy_prot.o
 *fill*         0x1000543d        0x3 
 .rodata.str1.4
                0x10005440       0x85 .\CortexM0p\ARM_GCC_541\Debug\cy_sysclk.o
 *fill*         0x100054c5        0x3 
 .rodata.str1.4
                0x100054c8       0x41 .\CortexM0p\ARM_GCC_541\Debug\cy_sysint.o
 *fill*         0x10005509        0x3 
 .rodata.str1.4
                0x1000550c       0x3f .\CortexM0p\ARM_GCC_541\Debug\cy_syspm.o
                                 0x7f (size before relaxing)
 *fill*         0x1000554b        0x1 
 .rodata        0x1000554c      0x170 .\CortexM0p\ARM_GCC_541\Debug\cy_device.o
                0x1000554c                cy_deviceIpBlockCfgPSoC6_02
                0x10005604                cy_deviceIpBlockCfgPSoC6_01
 .rodata.str1.4
                0x100056bc       0x3c .\CortexM0p\ARM_GCC_541\Debug\cy_ble_hal_pvt.o
                                 0x3b (size before relaxing)
 .rodata        0x100056f8       0x6c .\CortexM0p\ARM_GCC_541\Debug\cy_ble_clk.o
 .constdata     0x10005764       0x4c Generated_Source\PSoC6\pdl\middleware\ble\lib\cy_ble_stack_gcc_controller_ipc_cm0p.a(config_bin.o)
                0x10005764                bt_cfg_pdata
 .constdata     0x100057b0       0x10 Generated_Source\PSoC6\pdl\middleware\ble\lib\cy_ble_stack_gcc_controller_ipc_cm0p.a(ll_connection.o)
                0x100057b0                g_slave_clock_accuracy
 .constdata     0x100057c0      0x102 Generated_Source\PSoC6\pdl\middleware\ble\lib\cy_ble_stack_gcc_controller_ipc_cm0p.a(ll_pdu.o)
                0x100057c0                enc_valid_pdu_list
                0x100057c8                fp_ll_pdu_handlers
                0x1000582c                fp_ll_pdu_ack_handlers
                0x10005890                ll_pdu_valid_length
 *fill*         0x100058c2        0x2 
 .constdata     0x100058c4       0x88 Generated_Source\PSoC6\pdl\middleware\ble\lib\cy_ble_stack_gcc_controller_ipc_cm0p.a(ll_privacy.o)
 .constdata     0x1000594c       0x40 Generated_Source\PSoC6\pdl\middleware\ble\lib\cy_ble_stack_gcc_controller_ipc_cm0p.a(ll_dle.o)
 .constdata     0x1000598c       0x58 Generated_Source\PSoC6\pdl\middleware\ble\lib\cy_ble_stack_gcc_controller_ipc_cm0p.a(ll_phy_update.o)
 .constdata     0x100059e4       0x84 Generated_Source\PSoC6\pdl\middleware\ble\lib\cy_ble_stack_gcc_controller_ipc_cm0p.a(lec_hci_le_commands.o)
 .constdata     0x10005a68      0x3f6 Generated_Source\PSoC6\pdl\middleware\ble\lib\cy_ble_stack_gcc_controller_ipc_cm0p.a(lec_hci_le_commands.o)
 *fill*         0x10005e5e        0x2 
 .constdata     0x10005e60       0x84 Generated_Source\PSoC6\pdl\middleware\ble\lib\cy_ble_stack_gcc_controller_ipc_cm0p.a(lec_hci_le_commands.o)
 .constdata     0x10005ee4       0x84 Generated_Source\PSoC6\pdl\middleware\ble\lib\cy_ble_stack_gcc_controller_ipc_cm0p.a(lec_hci_le_commands.o)
 .constdata     0x10005f68       0x21 Generated_Source\PSoC6\pdl\middleware\ble\lib\cy_ble_stack_gcc_controller_ipc_cm0p.a(lec_hci_le_commands.o)
 .constdata     0x10005f89       0x40 Generated_Source\PSoC6\pdl\middleware\ble\lib\cy_ble_stack_gcc_controller_ipc_cm0p.a(lec_hci_le_common_commands.o)
                0x10005f89                Cu8_hci_le_supported_commands_array
 *fill*         0x10005fc9        0x3 
 .constdata     0x10005fcc       0xcc Generated_Source\PSoC6\pdl\middleware\ble\lib\cy_ble_stack_gcc_controller_ipc_cm0p.a(lec_hci_le_privacy.o)
 .constdata     0x10006098        0xc Generated_Source\PSoC6\pdl\middleware\ble\lib\cy_ble_stack_gcc_controller_ipc_cm0p.a(lec_hci_le_privacy.o)
 .constdata     0x100060a4       0x60 Generated_Source\PSoC6\pdl\middleware\ble\lib\cy_ble_stack_gcc_controller_ipc_cm0p.a(lec_hci_le_dle.o)
 .constdata     0x10006104       0x78 Generated_Source\PSoC6\pdl\middleware\ble\lib\cy_ble_stack_gcc_controller_ipc_cm0p.a(lec_hci_le_phy_update.o)
 .conststring   0x1000617c       0x87 Generated_Source\PSoC6\pdl\middleware\ble\lib\cy_ble_stack_gcc_controller_ipc_cm0p.a(drbg.o)
 *fill*         0x10006203        0x1 
 .constdata     0x10006204       0x60 Generated_Source\PSoC6\pdl\middleware\ble\lib\cy_ble_stack_gcc_radio_max_cm0p.a(CyBlessVer3.o)
                0x10006204                rssiMap
 .rodata        0x10006264       0x40 c:/program files (x86)/cypress/psoc creator/4.4/psoc creator/import/gnu/arm/5.4.1/bin/../lib/gcc/arm-none-eabi/5.4.1/armv6-m\libgcc.a(divdf3.o)
 .rodata        0x100062a4       0x40 c:/program files (x86)/cypress/psoc creator/4.4/psoc creator/import/gnu/arm/5.4.1/bin/../lib/gcc/arm-none-eabi/5.4.1/armv6-m\libgcc.a(muldf3.o)
 *(.eh_frame*)
 .eh_frame      0x100062e4        0x0 c:/program files (x86)/cypress/psoc creator/4.4/psoc creator/import/gnu/arm/5.4.1/bin/../lib/gcc/arm-none-eabi/5.4.1/armv6-m/crtbegin.o
 .eh_frame      0x100062e4        0x4 c:/program files (x86)/cypress/psoc creator/4.4/psoc creator/import/gnu/arm/5.4.1/bin/../lib/gcc/arm-none-eabi/5.4.1/armv6-m/crtend.o

.glue_7         0x100062e8        0x0
 .glue_7        0x100062e8        0x0 linker stubs

.glue_7t        0x100062e8        0x0
 .glue_7t       0x100062e8        0x0 linker stubs

.vfp11_veneer   0x100062e8        0x0
 .vfp11_veneer  0x100062e8        0x0 linker stubs

.v4_bx          0x100062e8        0x0
 .v4_bx         0x100062e8        0x0 linker stubs

.iplt           0x100062e8        0x0
 .iplt          0x100062e8        0x0 c:/program files (x86)/cypress/psoc creator/4.4/psoc creator/import/gnu/arm/5.4.1/bin/../lib/gcc/arm-none-eabi/5.4.1/armv6-m/crtbegin.o

i.CyBleStackMgr_Init
                0x100062e8       0xf8
 i.CyBleStackMgr_Init
                0x100062e8       0xf8 Generated_Source\PSoC6\pdl\middleware\ble\lib\cy_ble_stack_gcc_controller_ipc_cm0p.a(CyBleStackMgrIP_Interface.o)
                0x100062e8                CyBleStackMgr_Init

i.CyBleStackMgr_ProcessBleEvents
                0x100063e0       0x2c
 i.CyBleStackMgr_ProcessBleEvents
                0x100063e0       0x2c Generated_Source\PSoC6\pdl\middleware\ble\lib\cy_ble_stack_gcc_controller_ipc_cm0p.a(CyBleStackMgrIP_Interface.o)
                0x100063e0                CyBleStackMgr_ProcessBleEvents

i.CyBleStackMgr_Shutdown
                0x1000640c       0x28
 i.CyBleStackMgr_Shutdown
                0x1000640c       0x28 Generated_Source\PSoC6\pdl\middleware\ble\lib\cy_ble_stack_gcc_controller_ipc_cm0p.a(CyBleStackMgrIP_Interface.o)
                0x1000640c                CyBleStackMgr_Shutdown

i.CyBle_GetHeapConfig
                0x10006434        0x8
 i.CyBle_GetHeapConfig
                0x10006434        0x8 Generated_Source\PSoC6\pdl\middleware\ble\lib\cy_ble_stack_gcc_controller_ipc_cm0p.a(CyBleStackMgrIP_Interface.o)
                0x10006434                CyBle_GetHeapConfig

i.CyBle_GetHeapMemory
                0x1000643c       0x3c
 i.CyBle_GetHeapMemory
                0x1000643c       0x3c Generated_Source\PSoC6\pdl\middleware\ble\lib\cy_ble_stack_gcc_controller_ipc_cm0p.a(CyBleStackMgrIP_Interface.o)
                0x1000643c                CyBle_GetHeapMemory

i.CyBle_StackGetConfigPtr
                0x10006478        0x8
 i.CyBle_StackGetConfigPtr
                0x10006478        0x8 Generated_Source\PSoC6\pdl\middleware\ble\lib\cy_ble_stack_gcc_controller_ipc_cm0p.a(CyBleStackMgrIP_Interface.o)
                0x10006478                CyBle_StackGetConfigPtr

i.Cy_BLE_EnablePrivacyFeature
                0x10006480        0x8
 i.Cy_BLE_EnablePrivacyFeature
                0x10006480        0x8 Generated_Source\PSoC6\pdl\middleware\ble\lib\cy_ble_stack_gcc_controller_ipc_cm0p.a(CyBleStackMgrIP_Interface.o)
                0x10006480                Cy_BLE_EnablePrivacyFeature

i.Cy_BLE_GetStackLibraryVersion
                0x10006488       0x24
 i.Cy_BLE_GetStackLibraryVersion
                0x10006488       0x24 Generated_Source\PSoC6\pdl\middleware\ble\lib\cy_ble_stack_gcc_controller_ipc_cm0p.a(CyBleStackMgrIP_Interface.o)
                0x10006488                Cy_BLE_GetStackLibraryVersion

i.Cy_BLE_ProcessEvents
                0x100064ac        0x8
 i.Cy_BLE_ProcessEvents
                0x100064ac        0x8 Generated_Source\PSoC6\pdl\middleware\ble\lib\cy_ble_stack_gcc_controller_ipc_cm0p.a(CyBleStackMgrIP_Interface.o)
                0x100064ac                Cy_BLE_ProcessEvents

i.Cy_BLE_StackEnterLPM
                0x100064b4        0x8
 i.Cy_BLE_StackEnterLPM
                0x100064b4        0x8 Generated_Source\PSoC6\pdl\middleware\ble\lib\cy_ble_stack_gcc_controller_ipc_cm0p.a(CyBleStackMgrIP_Interface.o)
                0x100064b4                Cy_BLE_StackEnterLPM

i.Cy_BLE_StackGetBleSsState
                0x100064bc        0x8
 i.Cy_BLE_StackGetBleSsState
                0x100064bc        0x8 Generated_Source\PSoC6\pdl\middleware\ble\lib\cy_ble_stack_gcc_controller_ipc_cm0p.a(CyBleStackMgrIP_Interface.o)
                0x100064bc                Cy_BLE_StackGetBleSsState

i.Cy_BLE_StackInit
                0x100064c4       0x58
 i.Cy_BLE_StackInit
                0x100064c4       0x58 Generated_Source\PSoC6\pdl\middleware\ble\lib\cy_ble_stack_gcc_controller_ipc_cm0p.a(CyBleStackMgrIP_Interface.o)
                0x100064c4                Cy_BLE_StackInit

i.Cy_BLE_StackSetFeatureConfig
                0x1000651c       0x54
 i.Cy_BLE_StackSetFeatureConfig
                0x1000651c       0x54 Generated_Source\PSoC6\pdl\middleware\ble\lib\cy_ble_stack_gcc_controller_ipc_cm0p.a(CyBleStackMgrIP_Interface.o)
                0x1000651c                Cy_BLE_StackSetFeatureConfig

i.ble_stack_idle_task_callback
                0x10006570        0x2
 i.ble_stack_idle_task_callback
                0x10006570        0x2 Generated_Source\PSoC6\pdl\middleware\ble\lib\cy_ble_stack_gcc_controller_ipc_cm0p.a(CyBleStackMgrIP_Interface.o)
                0x10006570                ble_stack_idle_task_callback

i.CyBleStackMgr_GetTime
                0x10006574       0x28
 i.CyBleStackMgr_GetTime
                0x10006574       0x28 Generated_Source\PSoC6\pdl\middleware\ble\lib\cy_ble_stack_gcc_controller_ipc_cm0p.a(CyBleStackMgr_PSoCHal.o)
                0x10006574                CyBleStackMgr_GetTime

i.CyBleStackMgr_HalInit
                0x1000659c       0x1c
 i.CyBleStackMgr_HalInit
                0x1000659c       0x1c Generated_Source\PSoC6\pdl\middleware\ble\lib\cy_ble_stack_gcc_controller_ipc_cm0p.a(CyBleStackMgr_PSoCHal.o)
                0x1000659c                CyBleStackMgr_HalInit

i.CyBleStackMgr_HalIntrEnable
                0x100065b8        0xc
 i.CyBleStackMgr_HalIntrEnable
                0x100065b8        0xc Generated_Source\PSoC6\pdl\middleware\ble\lib\cy_ble_stack_gcc_controller_ipc_cm0p.a(CyBleStackMgr_PSoCHal.o)
                0x100065b8                CyBleStackMgr_HalIntrEnable

i.CyBleStackMgr_HciPortInit
                0x100065c4       0x18
 i.CyBleStackMgr_HciPortInit
                0x100065c4       0x18 Generated_Source\PSoC6\pdl\middleware\ble\lib\cy_ble_stack_gcc_controller_ipc_cm0p.a(CyBleStackMgr_PSoCHal.o)
                0x100065c4                CyBleStackMgr_HciPortInit

i.CyBleStackMgr_HciPortReset
                0x100065dc        0x8
 i.CyBleStackMgr_HciPortReset
                0x100065dc        0x8 Generated_Source\PSoC6\pdl\middleware\ble\lib\cy_ble_stack_gcc_controller_ipc_cm0p.a(CyBleStackMgr_PSoCHal.o)
                0x100065dc                CyBleStackMgr_HciPortReset

i.CyBleStackMgr_HciPortWrite
                0x100065e4        0x8
 i.CyBleStackMgr_HciPortWrite
                0x100065e4        0x8 Generated_Source\PSoC6\pdl\middleware\ble\lib\cy_ble_stack_gcc_controller_ipc_cm0p.a(CyBleStackMgr_PSoCHal.o)
                0x100065e4                CyBleStackMgr_HciPortWrite

i.CyBleStackMgr_TimerStart
                0x100065ec       0x20
 i.CyBleStackMgr_TimerStart
                0x100065ec       0x20 Generated_Source\PSoC6\pdl\middleware\ble\lib\cy_ble_stack_gcc_controller_ipc_cm0p.a(CyBleStackMgr_PSoCHal.o)
                0x100065ec                CyBleStackMgr_TimerStart

i.CyBleStackMgr_TimerStop
                0x1000660c       0x18
 i.CyBleStackMgr_TimerStop
                0x1000660c       0x18 Generated_Source\PSoC6\pdl\middleware\ble\lib\cy_ble_stack_gcc_controller_ipc_cm0p.a(CyBleStackMgr_PSoCHal.o)
                0x1000660c                CyBleStackMgr_TimerStop

i.CyBleStackMgr_isTimerRunning
                0x10006624        0xc
 i.CyBleStackMgr_isTimerRunning
                0x10006624        0xc Generated_Source\PSoC6\pdl\middleware\ble\lib\cy_ble_stack_gcc_controller_ipc_cm0p.a(CyBleStackMgr_PSoCHal.o)
                0x10006624                CyBleStackMgr_isTimerRunning

i.CyBleStackMgr_BleSSFifoRead
                0x10006630       0x3c
 i.CyBleStackMgr_BleSSFifoRead
                0x10006630       0x3c Generated_Source\PSoC6\pdl\middleware\ble\lib\cy_ble_stack_gcc_controller_ipc_cm0p.a(CyBleStackMgr_BleSSDriver.o)
                0x10006630                CyBleStackMgr_BleSSFifoRead

i.CyBleStackMgr_BleSSFifoWrite
                0x1000666c       0x30
 i.CyBleStackMgr_BleSSFifoWrite
                0x1000666c       0x30 Generated_Source\PSoC6\pdl\middleware\ble\lib\cy_ble_stack_gcc_controller_ipc_cm0p.a(CyBleStackMgr_BleSSDriver.o)
                0x1000666c                CyBleStackMgr_BleSSFifoWrite

i.CyBleStackMgr_BleSSInit
                0x1000669c       0xac
 i.CyBleStackMgr_BleSSInit
                0x1000669c       0xac Generated_Source\PSoC6\pdl\middleware\ble\lib\cy_ble_stack_gcc_controller_ipc_cm0p.a(CyBleStackMgr_BleSSDriver.o)
                0x1000669c                CyBleStackMgr_BleSSInit

i.CyBleStackMgr_BleSSMemRead
                0x10006748       0x30
 i.CyBleStackMgr_BleSSMemRead
                0x10006748       0x30 Generated_Source\PSoC6\pdl\middleware\ble\lib\cy_ble_stack_gcc_controller_ipc_cm0p.a(CyBleStackMgr_BleSSDriver.o)
                0x10006748                CyBleStackMgr_BleSSMemRead

i.CyBleStackMgr_BleSSMemWrite
                0x10006778       0x34
 i.CyBleStackMgr_BleSSMemWrite
                0x10006778       0x34 Generated_Source\PSoC6\pdl\middleware\ble\lib\cy_ble_stack_gcc_controller_ipc_cm0p.a(CyBleStackMgr_BleSSDriver.o)
                0x10006778                CyBleStackMgr_BleSSMemWrite

i.CyBleStackMgr_BleSSMemWriteFields
                0x100067ac       0x70
 i.CyBleStackMgr_BleSSMemWriteFields
                0x100067ac       0x70 Generated_Source\PSoC6\pdl\middleware\ble\lib\cy_ble_stack_gcc_controller_ipc_cm0p.a(CyBleStackMgr_BleSSDriver.o)
                0x100067ac                CyBleStackMgr_BleSSMemWriteFields

i.CyBleStackMgr_BleSSReset
                0x1000681c       0x34
 i.CyBleStackMgr_BleSSReset
                0x1000681c       0x34 Generated_Source\PSoC6\pdl\middleware\ble\lib\cy_ble_stack_gcc_controller_ipc_cm0p.a(CyBleStackMgr_BleSSDriver.o)
                0x1000681c                CyBleStackMgr_BleSSReset

i.CyBleStackMgr_BleSSShutdown
                0x10006850       0x34
 i.CyBleStackMgr_BleSSShutdown
                0x10006850       0x34 Generated_Source\PSoC6\pdl\middleware\ble\lib\cy_ble_stack_gcc_controller_ipc_cm0p.a(CyBleStackMgr_BleSSDriver.o)
                0x10006850                CyBleStackMgr_BleSSShutdown

i.CyBleStackMgr_GenericIface
                0x10006884       0x58
 i.CyBleStackMgr_GenericIface
                0x10006884       0x58 Generated_Source\PSoC6\pdl\middleware\ble\lib\cy_ble_stack_gcc_controller_ipc_cm0p.a(CyBleStackMgr_BleSSDriver.o)
                0x10006884                CyBleStackMgr_GenericIface

i.CyBleStackMgr_HandleBleSSIntr
                0x100068dc       0x70
 i.CyBleStackMgr_HandleBleSSIntr
                0x100068dc       0x70 Generated_Source\PSoC6\pdl\middleware\ble\lib\cy_ble_stack_gcc_controller_ipc_cm0p.a(CyBleStackMgr_BleSSDriver.o)
                0x100068dc                CyBleStackMgr_HandleBleSSIntr

i.CyBle_ControllerGetBleClockCfgParam
                0x1000694c       0x20
 i.CyBle_ControllerGetBleClockCfgParam
                0x1000694c       0x20 Generated_Source\PSoC6\pdl\middleware\ble\lib\cy_ble_stack_gcc_controller_ipc_cm0p.a(CyBleStackMgr_BleSSDriver.o)
                0x1000694c                CyBle_ControllerGetBleClockCfgParam

i.CyBle_ControllerGetTxPowerLevel
                0x1000696c       0x3c
 i.CyBle_ControllerGetTxPowerLevel
                0x1000696c       0x3c Generated_Source\PSoC6\pdl\middleware\ble\lib\cy_ble_stack_gcc_controller_ipc_cm0p.a(CyBleStackMgr_BleSSDriver.o)
                0x1000696c                CyBle_ControllerGetTxPowerLevel

i.CyBle_ControllerSetBleClockCfgParam
                0x100069a8       0x30
 i.CyBle_ControllerSetBleClockCfgParam
                0x100069a8       0x30 Generated_Source\PSoC6\pdl\middleware\ble\lib\cy_ble_stack_gcc_controller_ipc_cm0p.a(CyBleStackMgr_BleSSDriver.o)
                0x100069a8                CyBle_ControllerSetBleClockCfgParam

i.CyBle_ControllerSetDcxoLdoTrim
                0x100069d8       0x1c
 i.CyBle_ControllerSetDcxoLdoTrim
                0x100069d8       0x1c Generated_Source\PSoC6\pdl\middleware\ble\lib\cy_ble_stack_gcc_controller_ipc_cm0p.a(CyBleStackMgr_BleSSDriver.o)
                0x100069d8                CyBle_ControllerSetDcxoLdoTrim

i.CyBle_ControllerSetTxPowerLevel
                0x100069f4       0x2c
 i.CyBle_ControllerSetTxPowerLevel
                0x100069f4       0x2c Generated_Source\PSoC6\pdl\middleware\ble\lib\cy_ble_stack_gcc_controller_ipc_cm0p.a(CyBleStackMgr_BleSSDriver.o)
                0x100069f4                CyBle_ControllerSetTxPowerLevel

i.CyBle_EnterDsmMode
                0x10006a20       0x34
 i.CyBle_EnterDsmMode
                0x10006a20       0x34 Generated_Source\PSoC6\pdl\middleware\ble\lib\cy_ble_stack_gcc_controller_ipc_cm0p.a(CyBleStackMgr_BleSSDriver.o)
                0x10006a20                CyBle_EnterDsmMode

i.CyBle_ExitDsmMode
                0x10006a54       0x34
 i.CyBle_ExitDsmMode
                0x10006a54       0x34 Generated_Source\PSoC6\pdl\middleware\ble\lib\cy_ble_stack_gcc_controller_ipc_cm0p.a(CyBleStackMgr_BleSSDriver.o)
                0x10006a54                CyBle_ExitDsmMode

i.CyBle_GetBleSsOperationalMode
                0x10006a88        0xc
 i.CyBle_GetBleSsOperationalMode
                0x10006a88        0xc Generated_Source\PSoC6\pdl\middleware\ble\lib\cy_ble_stack_gcc_controller_ipc_cm0p.a(CyBleStackMgr_BleSSDriver.o)
                0x10006a88                CyBle_GetBleSsOperationalMode

i.CyBle_GetEventCloseState
                0x10006a94       0x10
 i.CyBle_GetEventCloseState
                0x10006a94       0x10 Generated_Source\PSoC6\pdl\middleware\ble\lib\cy_ble_stack_gcc_controller_ipc_cm0p.a(CyBleStackMgr_BleSSDriver.o)
                0x10006a94                CyBle_GetEventCloseState

i.CyBle_GetLpMode
                0x10006aa4       0x1c
 i.CyBle_GetLpMode
                0x10006aa4       0x1c Generated_Source\PSoC6\pdl\middleware\ble\lib\cy_ble_stack_gcc_controller_ipc_cm0p.a(CyBleStackMgr_BleSSDriver.o)
                0x10006aa4                CyBle_GetLpMode

i.CyBle_GetTxGainMode
                0x10006ac0        0xe
 i.CyBle_GetTxGainMode
                0x10006ac0        0xe Generated_Source\PSoC6\pdl\middleware\ble\lib\cy_ble_stack_gcc_controller_ipc_cm0p.a(CyBleStackMgr_BleSSDriver.o)
                0x10006ac0                CyBle_GetTxGainMode

i.CyBle_SetAutoWakeUp
                0x10006ad0        0xc
 i.CyBle_SetAutoWakeUp
                0x10006ad0        0xc Generated_Source\PSoC6\pdl\middleware\ble\lib\cy_ble_stack_gcc_controller_ipc_cm0p.a(CyBleStackMgr_BleSSDriver.o)
                0x10006ad0                CyBle_SetAutoWakeUp

i.CyBle_SetBleSsOperationalMode
                0x10006adc       0x34
 i.CyBle_SetBleSsOperationalMode
                0x10006adc       0x34 Generated_Source\PSoC6\pdl\middleware\ble\lib\cy_ble_stack_gcc_controller_ipc_cm0p.a(CyBleStackMgr_BleSSDriver.o)
                0x10006adc                CyBle_SetBleSsOperationalMode

i.CyBle_SetEventCloseState
                0x10006b10        0xc
 i.CyBle_SetEventCloseState
                0x10006b10        0xc Generated_Source\PSoC6\pdl\middleware\ble\lib\cy_ble_stack_gcc_controller_ipc_cm0p.a(CyBleStackMgr_BleSSDriver.o)
                0x10006b10                CyBle_SetEventCloseState

i.CyBle_CheckBleStackTaskStatus
                0x10006b1c        0x4
 i.CyBle_CheckBleStackTaskStatus
                0x10006b1c        0x4 Generated_Source\PSoC6\pdl\middleware\ble\lib\cy_ble_stack_gcc_controller_ipc_cm0p.a(CyBleStackMgr_StackTaskHandler.o)
                0x10006b1c                CyBle_CheckBleStackTaskStatus

i.CyBle_CreateBleStackTask
                0x10006b20       0x30
 i.CyBle_CreateBleStackTask
                0x10006b20       0x30 Generated_Source\PSoC6\pdl\middleware\ble\lib\cy_ble_stack_gcc_controller_ipc_cm0p.a(CyBleStackMgr_StackTaskHandler.o)
                0x10006b20                CyBle_CreateBleStackTask

i.CyBle_SignalBleStackTask
                0x10006b50       0x44
 i.CyBle_SignalBleStackTask
                0x10006b50       0x44 Generated_Source\PSoC6\pdl\middleware\ble\lib\cy_ble_stack_gcc_controller_ipc_cm0p.a(CyBleStackMgr_StackTaskHandler.o)
                0x10006b50                CyBle_SignalBleStackTask

i.CyBle_StackTaskHandler
                0x10006b94       0x26
 i.CyBle_StackTaskHandler
                0x10006b94       0x26 Generated_Source\PSoC6\pdl\middleware\ble\lib\cy_ble_stack_gcc_controller_ipc_cm0p.a(CyBleStackMgr_StackTaskHandler.o)
                0x10006b94                CyBle_StackTaskHandler

i.IsStackTaskFree
                0x10006bbc       0x10
 i.IsStackTaskFree
                0x10006bbc       0x10 Generated_Source\PSoC6\pdl\middleware\ble\lib\cy_ble_stack_gcc_controller_ipc_cm0p.a(CyBleStackMgr_StackTaskHandler.o)
                0x10006bbc                IsStackTaskFree

i.BT_start_timer
                0x10006bcc      0x110
 i.BT_start_timer
                0x10006bcc      0x110 Generated_Source\PSoC6\pdl\middleware\ble\lib\cy_ble_stack_gcc_controller_ipc_cm0p.a(BT_timer.o)
                0x10006bcc                BT_start_timer

i.BT_start_timer_controller
                0x10006cdc       0x28
 i.BT_start_timer_controller
                0x10006cdc       0x28 Generated_Source\PSoC6\pdl\middleware\ble\lib\cy_ble_stack_gcc_controller_ipc_cm0p.a(BT_timer.o)
                0x10006cdc                BT_start_timer_controller

i.BT_start_timer_pilo
                0x10006d04       0x28
 i.BT_start_timer_pilo
                0x10006d04       0x28 Generated_Source\PSoC6\pdl\middleware\ble\lib\cy_ble_stack_gcc_controller_ipc_cm0p.a(BT_timer.o)
                0x10006d04                BT_start_timer_pilo

i.BT_stop_timer
                0x10006d2c       0xc8
 i.BT_stop_timer
                0x10006d2c       0xc8 Generated_Source\PSoC6\pdl\middleware\ble\lib\cy_ble_stack_gcc_controller_ipc_cm0p.a(BT_timer.o)
                0x10006d2c                BT_stop_timer

i.BT_stop_timer_controller
                0x10006df4       0x28
 i.BT_stop_timer_controller
                0x10006df4       0x28 Generated_Source\PSoC6\pdl\middleware\ble\lib\cy_ble_stack_gcc_controller_ipc_cm0p.a(BT_timer.o)
                0x10006df4                BT_stop_timer_controller

i.BT_stop_timer_pilo
                0x10006e1c       0x28
 i.BT_stop_timer_pilo
                0x10006e1c       0x28 Generated_Source\PSoC6\pdl\middleware\ble\lib\cy_ble_stack_gcc_controller_ipc_cm0p.a(BT_timer.o)
                0x10006e1c                BT_stop_timer_pilo

i.BT_timer_process_signals
                0x10006e44       0xf8
 i.BT_timer_process_signals
                0x10006e44       0xf8 Generated_Source\PSoC6\pdl\middleware\ble\lib\cy_ble_stack_gcc_controller_ipc_cm0p.a(BT_timer.o)
                0x10006e44                BT_timer_process_signals

i.timer_allocated_entity
                0x10006f3c       0x34
 i.timer_allocated_entity
                0x10006f3c       0x34 Generated_Source\PSoC6\pdl\middleware\ble\lib\cy_ble_stack_gcc_controller_ipc_cm0p.a(BT_timer.o)
                0x10006f3c                timer_allocated_entity

i.timer_init    0x10006f70       0x30
 i.timer_init   0x10006f70       0x30 Generated_Source\PSoC6\pdl\middleware\ble\lib\cy_ble_stack_gcc_controller_ipc_cm0p.a(BT_timer.o)
                0x10006f70                timer_init

i.timer_update_offsets
                0x10006fa0       0x34
 i.timer_update_offsets
                0x10006fa0       0x34 Generated_Source\PSoC6\pdl\middleware\ble\lib\cy_ble_stack_gcc_controller_ipc_cm0p.a(BT_timer.o)

i.BT_ISROSQPost
                0x10006fd4        0xa
 i.BT_ISROSQPost
                0x10006fd4        0xa Generated_Source\PSoC6\pdl\middleware\ble\lib\cy_ble_stack_gcc_controller_ipc_cm0p.a(bt_os_common.o)
                0x10006fd4                BT_ISROSQPost

i.BT_OSQPost    0x10006fde        0xa
 i.BT_OSQPost   0x10006fde        0xa Generated_Source\PSoC6\pdl\middleware\ble\lib\cy_ble_stack_gcc_controller_ipc_cm0p.a(bt_os_common.o)
                0x10006fde                BT_OSQPost

i.BT_thread_create
                0x10006fe8       0x30
 i.BT_thread_create
                0x10006fe8       0x30 Generated_Source\PSoC6\pdl\middleware\ble\lib\cy_ble_stack_gcc_controller_ipc_cm0p.a(bt_os_common.o)
                0x10006fe8                BT_thread_create

i.pf_timer_handle_tick
                0x10007018       0x20
 i.pf_timer_handle_tick
                0x10007018       0x20 Generated_Source\PSoC6\pdl\middleware\ble\lib\cy_ble_stack_gcc_controller_ipc_cm0p.a(bt_os_common.o)
                0x10007018                pf_timer_handle_tick

i.CyPilo_ApplyTrim
                0x10007038       0x88
 i.CyPilo_ApplyTrim
                0x10007038       0x88 Generated_Source\PSoC6\pdl\middleware\ble\lib\cy_ble_stack_gcc_controller_ipc_cm0p.a(CyBleStackMgrIP_Pilo.o)

i.CyPilo_DSMExitCalibration
                0x100070c0       0x14
 i.CyPilo_DSMExitCalibration
                0x100070c0       0x14 Generated_Source\PSoC6\pdl\middleware\ble\lib\cy_ble_stack_gcc_controller_ipc_cm0p.a(CyBleStackMgrIP_Pilo.o)
                0x100070c0                CyPilo_DSMExitCalibration

i.CyPilo_GetState
                0x100070d4        0xc
 i.CyPilo_GetState
                0x100070d4        0xc Generated_Source\PSoC6\pdl\middleware\ble\lib\cy_ble_stack_gcc_controller_ipc_cm0p.a(CyBleStackMgrIP_Pilo.o)
                0x100070d4                CyPilo_GetState

i.CyPilo_InitCalibration
                0x100070e0       0x18
 i.CyPilo_InitCalibration
                0x100070e0       0x18 Generated_Source\PSoC6\pdl\middleware\ble\lib\cy_ble_stack_gcc_controller_ipc_cm0p.a(CyBleStackMgrIP_Pilo.o)
                0x100070e0                CyPilo_InitCalibration

i.CyPilo_PeriodicCalibTimeout
                0x100070f8       0x24
 i.CyPilo_PeriodicCalibTimeout
                0x100070f8       0x24 Generated_Source\PSoC6\pdl\middleware\ble\lib\cy_ble_stack_gcc_controller_ipc_cm0p.a(CyBleStackMgrIP_Pilo.o)

i.CyPilo_RetryCalibration
                0x1000711c       0x20
 i.CyPilo_RetryCalibration
                0x1000711c       0x20 Generated_Source\PSoC6\pdl\middleware\ble\lib\cy_ble_stack_gcc_controller_ipc_cm0p.a(CyBleStackMgrIP_Pilo.o)

i.CyPilo_SetCalibInterval
                0x1000713c        0xc
 i.CyPilo_SetCalibInterval
                0x1000713c        0xc Generated_Source\PSoC6\pdl\middleware\ble\lib\cy_ble_stack_gcc_controller_ipc_cm0p.a(CyBleStackMgrIP_Pilo.o)
                0x1000713c                CyPilo_SetCalibInterval

i.CyPilo_SetState
                0x10007148        0xc
 i.CyPilo_SetState
                0x10007148        0xc Generated_Source\PSoC6\pdl\middleware\ble\lib\cy_ble_stack_gcc_controller_ipc_cm0p.a(CyBleStackMgrIP_Pilo.o)
                0x10007148                CyPilo_SetState

i.CyPilo_ShutdownCalibration
                0x10007154       0x1c
 i.CyPilo_ShutdownCalibration
                0x10007154       0x1c Generated_Source\PSoC6\pdl\middleware\ble\lib\cy_ble_stack_gcc_controller_ipc_cm0p.a(CyBleStackMgrIP_Pilo.o)
                0x10007154                CyPilo_ShutdownCalibration

i.CyPilo_StopPeriodicTimer
                0x10007170       0x10
 i.CyPilo_StopPeriodicTimer
                0x10007170       0x10 Generated_Source\PSoC6\pdl\middleware\ble\lib\cy_ble_stack_gcc_controller_ipc_cm0p.a(CyBleStackMgrIP_Pilo.o)
                0x10007170                CyPilo_StopPeriodicTimer

i.CyPilo_TriggerCalibration
                0x10007180       0x54
 i.CyPilo_TriggerCalibration
                0x10007180       0x54 Generated_Source\PSoC6\pdl\middleware\ble\lib\cy_ble_stack_gcc_controller_ipc_cm0p.a(CyBleStackMgrIP_Pilo.o)
                0x10007180                CyPilo_TriggerCalibration

i.CyPilo_UpdateCalibInterval
                0x100071d4       0x34
 i.CyPilo_UpdateCalibInterval
                0x100071d4       0x34 Generated_Source\PSoC6\pdl\middleware\ble\lib\cy_ble_stack_gcc_controller_ipc_cm0p.a(CyBleStackMgrIP_Pilo.o)
                0x100071d4                CyPilo_UpdateCalibInterval

i.OS_init       0x10007208       0x64
 i.OS_init      0x10007208       0x64 Generated_Source\PSoC6\pdl\middleware\ble\lib\cy_ble_stack_gcc_controller_ipc_cm0p.a(mint_os.o)
                0x10007208                OS_init

i.OS_shutdown   0x1000726c        0x4
 i.OS_shutdown  0x1000726c        0x4 Generated_Source\PSoC6\pdl\middleware\ble\lib\cy_ble_stack_gcc_controller_ipc_cm0p.a(mint_os.o)
                0x1000726c                OS_shutdown

i.mintos_malloc
                0x10007270       0x34
 i.mintos_malloc
                0x10007270       0x34 Generated_Source\PSoC6\pdl\middleware\ble\lib\cy_ble_stack_gcc_controller_ipc_cm0p.a(mint_os.o)
                0x10007270                mintos_malloc

i.OS_create_queue
                0x100072a4       0x64
 i.OS_create_queue
                0x100072a4       0x64 Generated_Source\PSoC6\pdl\middleware\ble\lib\cy_ble_stack_gcc_controller_ipc_cm0p.a(mint_os_queue.o)
                0x100072a4                OS_create_queue

i.OS_enqueue_item
                0x10007308       0xa4
 i.OS_enqueue_item
                0x10007308       0xa4 Generated_Source\PSoC6\pdl\middleware\ble\lib\cy_ble_stack_gcc_controller_ipc_cm0p.a(mint_os_queue.o)
                0x10007308                OS_enqueue_item

i.OS_queue_get_num_of_items
                0x100073ac       0x28
 i.OS_queue_get_num_of_items
                0x100073ac       0x28 Generated_Source\PSoC6\pdl\middleware\ble\lib\cy_ble_stack_gcc_controller_ipc_cm0p.a(mint_os_queue.o)
                0x100073ac                OS_queue_get_num_of_items

i.OS_queue_mgmt_init
                0x100073d4       0x40
 i.OS_queue_mgmt_init
                0x100073d4       0x40 Generated_Source\PSoC6\pdl\middleware\ble\lib\cy_ble_stack_gcc_controller_ipc_cm0p.a(mint_os_queue.o)
                0x100073d4                OS_queue_mgmt_init

i.OS_remove_item
                0x10007414       0xb8
 i.OS_remove_item
                0x10007414       0xb8 Generated_Source\PSoC6\pdl\middleware\ble\lib\cy_ble_stack_gcc_controller_ipc_cm0p.a(mint_os_queue.o)
                0x10007414                OS_remove_item

i.OS_create_task
                0x100074cc       0x88
 i.OS_create_task
                0x100074cc       0x88 Generated_Source\PSoC6\pdl\middleware\ble\lib\cy_ble_stack_gcc_controller_ipc_cm0p.a(mint_os_task.o)
                0x100074cc                OS_create_task

i.OS_is_task_free
                0x10007554       0x30
 i.OS_is_task_free
                0x10007554       0x30 Generated_Source\PSoC6\pdl\middleware\ble\lib\cy_ble_stack_gcc_controller_ipc_cm0p.a(mint_os_task.o)
                0x10007554                OS_is_task_free

i.OS_isr_send_signal_to_task
                0x10007584        0xc
 i.OS_isr_send_signal_to_task
                0x10007584        0xc Generated_Source\PSoC6\pdl\middleware\ble\lib\cy_ble_stack_gcc_controller_ipc_cm0p.a(mint_os_task.o)
                0x10007584                OS_isr_send_signal_to_task

i.OS_scheduler  0x10007590       0x78
 i.OS_scheduler
                0x10007590       0x78 Generated_Source\PSoC6\pdl\middleware\ble\lib\cy_ble_stack_gcc_controller_ipc_cm0p.a(mint_os_task.o)
                0x10007590                OS_scheduler

i.OS_send_signal_to_task
                0x10007608        0xc
 i.OS_send_signal_to_task
                0x10007608        0xc Generated_Source\PSoC6\pdl\middleware\ble\lib\cy_ble_stack_gcc_controller_ipc_cm0p.a(mint_os_task.o)
                0x10007608                OS_send_signal_to_task

i.OS_send_signal_to_task_context
                0x10007614       0x3c
 i.OS_send_signal_to_task_context
                0x10007614       0x3c Generated_Source\PSoC6\pdl\middleware\ble\lib\cy_ble_stack_gcc_controller_ipc_cm0p.a(mint_os_task.o)

i.OS_task_mgmt_init
                0x10007650       0x50
 i.OS_task_mgmt_init
                0x10007650       0x50 Generated_Source\PSoC6\pdl\middleware\ble\lib\cy_ble_stack_gcc_controller_ipc_cm0p.a(mint_os_task.o)
                0x10007650                OS_task_mgmt_init

i.mint_buf_mgmt_allocate_buffer
                0x100076a0       0x60
 i.mint_buf_mgmt_allocate_buffer
                0x100076a0       0x60 Generated_Source\PSoC6\pdl\middleware\ble\lib\cy_ble_stack_gcc_controller_ipc_cm0p.a(mint_buf_mgmt.o)
                0x100076a0                mint_buf_mgmt_allocate_buffer

i.mint_buf_mgmt_create_pool
                0x10007700       0xd4
 i.mint_buf_mgmt_create_pool
                0x10007700       0xd4 Generated_Source\PSoC6\pdl\middleware\ble\lib\cy_ble_stack_gcc_controller_ipc_cm0p.a(mint_buf_mgmt.o)
                0x10007700                mint_buf_mgmt_create_pool

i.mint_buf_mgmt_free_buffer
                0x100077d4       0xb8
 i.mint_buf_mgmt_free_buffer
                0x100077d4       0xb8 Generated_Source\PSoC6\pdl\middleware\ble\lib\cy_ble_stack_gcc_controller_ipc_cm0p.a(mint_buf_mgmt.o)
                0x100077d4                mint_buf_mgmt_free_buffer

i.mint_buf_mgmt_init
                0x1000788c       0x44
 i.mint_buf_mgmt_init
                0x1000788c       0x44 Generated_Source\PSoC6\pdl\middleware\ble\lib\cy_ble_stack_gcc_controller_ipc_cm0p.a(mint_buf_mgmt.o)
                0x1000788c                mint_buf_mgmt_init

i.mint_buf_mgmt_malloc
                0x100078d0       0x28
 i.mint_buf_mgmt_malloc
                0x100078d0       0x28 Generated_Source\PSoC6\pdl\middleware\ble\lib\cy_ble_stack_gcc_controller_ipc_cm0p.a(mint_buf_mgmt.o)
                0x100078d0                mint_buf_mgmt_malloc

i.mint_buf_mgmt_pl_init
                0x100078f8       0x4c
 i.mint_buf_mgmt_pl_init
                0x100078f8       0x4c Generated_Source\PSoC6\pdl\middleware\ble\lib\cy_ble_stack_gcc_controller_ipc_cm0p.a(mint_buf_mgmt.o)
                0x100078f8                mint_buf_mgmt_pl_init

i.mint_buf_mgmt_reset_pool
                0x10007944       0x70
 i.mint_buf_mgmt_reset_pool
                0x10007944       0x70 Generated_Source\PSoC6\pdl\middleware\ble\lib\cy_ble_stack_gcc_controller_ipc_cm0p.a(mint_buf_mgmt.o)
                0x10007944                mint_buf_mgmt_reset_pool

i.mint_buf_mgmt_stack_init
                0x100079b4       0x24
 i.mint_buf_mgmt_stack_init
                0x100079b4       0x24 Generated_Source\PSoC6\pdl\middleware\ble\lib\cy_ble_stack_gcc_controller_ipc_cm0p.a(mint_buf_mgmt.o)
                0x100079b4                mint_buf_mgmt_stack_init

i.mint_buf_mgmt_stack_pop
                0x100079d8       0x4a
 i.mint_buf_mgmt_stack_pop
                0x100079d8       0x4a Generated_Source\PSoC6\pdl\middleware\ble\lib\cy_ble_stack_gcc_controller_ipc_cm0p.a(mint_buf_mgmt.o)
                0x100079d8                mint_buf_mgmt_stack_pop

i.mint_buf_mgmt_stack_push
                0x10007a22       0x4a
 i.mint_buf_mgmt_stack_push
                0x10007a22       0x4a Generated_Source\PSoC6\pdl\middleware\ble\lib\cy_ble_stack_gcc_controller_ipc_cm0p.a(mint_buf_mgmt.o)
                0x10007a22                mint_buf_mgmt_stack_push

i.mint_buf_mgmt_stack_reset
                0x10007a6c       0x1e
 i.mint_buf_mgmt_stack_reset
                0x10007a6c       0x1e Generated_Source\PSoC6\pdl\middleware\ble\lib\cy_ble_stack_gcc_controller_ipc_cm0p.a(mint_buf_mgmt.o)
                0x10007a6c                mint_buf_mgmt_stack_reset

i.mint_buf_mgmt_stack_search_item
                0x10007a8a       0x30
 i.mint_buf_mgmt_stack_search_item
                0x10007a8a       0x30 Generated_Source\PSoC6\pdl\middleware\ble\lib\cy_ble_stack_gcc_controller_ipc_cm0p.a(mint_buf_mgmt.o)
                0x10007a8a                mint_buf_mgmt_stack_search_item

i.CyBleController_HciIpcExtractPacket
                0x10007abc       0xe8
 i.CyBleController_HciIpcExtractPacket
                0x10007abc       0xe8 Generated_Source\PSoC6\pdl\middleware\ble\lib\cy_ble_stack_gcc_controller_ipc_cm0p.a(transport_ipc.o)
                0x10007abc                CyBleController_HciIpcExtractPacket

i.CyBleController_HciIpcInit
                0x10007ba4       0x10
 i.CyBleController_HciIpcInit
                0x10007ba4       0x10 Generated_Source\PSoC6\pdl\middleware\ble\lib\cy_ble_stack_gcc_controller_ipc_cm0p.a(transport_ipc.o)
                0x10007ba4                CyBleController_HciIpcInit

i.CyBleController_HciIpcMsgCompleteReceive
                0x10007bb4       0x20
 i.CyBleController_HciIpcMsgCompleteReceive
                0x10007bb4       0x20 Generated_Source\PSoC6\pdl\middleware\ble\lib\cy_ble_stack_gcc_controller_ipc_cm0p.a(transport_ipc.o)
                0x10007bb4                CyBleController_HciIpcMsgCompleteReceive

i.CyBleController_HciIpcMsgReceive
                0x10007bd4       0x34
 i.CyBleController_HciIpcMsgReceive
                0x10007bd4       0x34 Generated_Source\PSoC6\pdl\middleware\ble\lib\cy_ble_stack_gcc_controller_ipc_cm0p.a(transport_ipc.o)
                0x10007bd4                CyBleController_HciIpcMsgReceive

i.CyBleController_HciIpcSend
                0x10007c08       0x16
 i.CyBleController_HciIpcSend
                0x10007c08       0x16 Generated_Source\PSoC6\pdl\middleware\ble\lib\cy_ble_stack_gcc_controller_ipc_cm0p.a(transport_ipc.o)
                0x10007c08                CyBleController_HciIpcSend

i.CyBleController_IpcSendStackInitHWError
                0x10007c1e        0x8
 i.CyBleController_IpcSendStackInitHWError
                0x10007c1e        0x8 Generated_Source\PSoC6\pdl\middleware\ble\lib\cy_ble_stack_gcc_controller_ipc_cm0p.a(transport_ipc.o)
                0x10007c1e                CyBleController_IpcSendStackInitHWError

i.CyBleController_IPC_HAL_Init
                0x10007c28       0x40
 i.CyBleController_IPC_HAL_Init
                0x10007c28       0x40 Generated_Source\PSoC6\pdl\middleware\ble\lib\cy_ble_stack_gcc_controller_ipc_cm0p.a(CyBleStackMgr_PSoCIPCHal.o)
                0x10007c28                CyBleController_IPC_HAL_Init

i.CyBleController_IPC_HAL_InitWithStaticMem
                0x10007c68       0x10
 i.CyBleController_IPC_HAL_InitWithStaticMem
                0x10007c68       0x10 Generated_Source\PSoC6\pdl\middleware\ble\lib\cy_ble_stack_gcc_controller_ipc_cm0p.a(CyBleStackMgr_PSoCIPCHal.o)
                0x10007c68                CyBleController_IPC_HAL_InitWithStaticMem

i.CyBleController_IPC_HAL_IsQueueEmpty
                0x10007c78       0x24
 i.CyBleController_IPC_HAL_IsQueueEmpty
                0x10007c78       0x24 Generated_Source\PSoC6\pdl\middleware\ble\lib\cy_ble_stack_gcc_controller_ipc_cm0p.a(CyBleStackMgr_PSoCIPCHal.o)
                0x10007c78                CyBleController_IPC_HAL_IsQueueEmpty

i.CyBleController_IPC_HAL_PipeReleaseCallback
                0x10007c9c       0x1c
 i.CyBleController_IPC_HAL_PipeReleaseCallback
                0x10007c9c       0x1c Generated_Source\PSoC6\pdl\middleware\ble\lib\cy_ble_stack_gcc_controller_ipc_cm0p.a(CyBleStackMgr_PSoCIPCHal.o)

i.CyBleController_IPC_HAL_ProcessMsgQ
                0x10007cb8       0x40
 i.CyBleController_IPC_HAL_ProcessMsgQ
                0x10007cb8       0x40 Generated_Source\PSoC6\pdl\middleware\ble\lib\cy_ble_stack_gcc_controller_ipc_cm0p.a(CyBleStackMgr_PSoCIPCHal.o)
                0x10007cb8                CyBleController_IPC_HAL_ProcessMsgQ

i.CyBleController_IPC_HAL_PushMessage
                0x10007cf8       0x4c
 i.CyBleController_IPC_HAL_PushMessage
                0x10007cf8       0x4c Generated_Source\PSoC6\pdl\middleware\ble\lib\cy_ble_stack_gcc_controller_ipc_cm0p.a(CyBleStackMgr_PSoCIPCHal.o)

i.CyBleController_IPC_HAL_Reset
                0x10007d44       0x2c
 i.CyBleController_IPC_HAL_Reset
                0x10007d44       0x2c Generated_Source\PSoC6\pdl\middleware\ble\lib\cy_ble_stack_gcc_controller_ipc_cm0p.a(CyBleStackMgr_PSoCIPCHal.o)
                0x10007d44                CyBleController_IPC_HAL_Reset

i.CyBleController_IPC_HAL_SendEnqueue
                0x10007d70       0x10
 i.CyBleController_IPC_HAL_SendEnqueue
                0x10007d70       0x10 Generated_Source\PSoC6\pdl\middleware\ble\lib\cy_ble_stack_gcc_controller_ipc_cm0p.a(CyBleStackMgr_PSoCIPCHal.o)
                0x10007d70                CyBleController_IPC_HAL_SendEnqueue

i.CyBle_ControllerAesCcmDecrypt
                0x10007d80       0x50
 i.CyBle_ControllerAesCcmDecrypt
                0x10007d80       0x50 Generated_Source\PSoC6\pdl\middleware\ble\lib\cy_ble_stack_gcc_controller_ipc_cm0p.a(CyBleControllerIP_Interface.o)
                0x10007d80                CyBle_ControllerAesCcmDecrypt

i.CyBle_ControllerAesCcmEncrypt
                0x10007dd0       0x44
 i.CyBle_ControllerAesCcmEncrypt
                0x10007dd0       0x44 Generated_Source\PSoC6\pdl\middleware\ble\lib\cy_ble_stack_gcc_controller_ipc_cm0p.a(CyBleControllerIP_Interface.o)
                0x10007dd0                CyBle_ControllerAesCcmEncrypt

i.CyBle_ControllerAesEncrypt
                0x10007e14       0x60
 i.CyBle_ControllerAesEncrypt
                0x10007e14       0x60 Generated_Source\PSoC6\pdl\middleware\ble\lib\cy_ble_stack_gcc_controller_ipc_cm0p.a(CyBleControllerIP_Interface.o)
                0x10007e14                CyBle_ControllerAesEncrypt

i.CyBle_ControllerDisableDleFeature
                0x10007e74       0x10
 i.CyBle_ControllerDisableDleFeature
                0x10007e74       0x10 Generated_Source\PSoC6\pdl\middleware\ble\lib\cy_ble_stack_gcc_controller_ipc_cm0p.a(CyBleControllerIP_Interface.o)
                0x10007e74                CyBle_ControllerDisableDleFeature

i.CyBle_ControllerDisablePhyUpdateFeature
                0x10007e84        0xc
 i.CyBle_ControllerDisablePhyUpdateFeature
                0x10007e84        0xc Generated_Source\PSoC6\pdl\middleware\ble\lib\cy_ble_stack_gcc_controller_ipc_cm0p.a(CyBleControllerIP_Interface.o)
                0x10007e84                CyBle_ControllerDisablePhyUpdateFeature

i.CyBle_ControllerDisablePrivacyFeature
                0x10007e90        0xc
 i.CyBle_ControllerDisablePrivacyFeature
                0x10007e90        0xc Generated_Source\PSoC6\pdl\middleware\ble\lib\cy_ble_stack_gcc_controller_ipc_cm0p.a(CyBleControllerIP_Interface.o)
                0x10007e90                CyBle_ControllerDisablePrivacyFeature

i.CyBle_ControllerEnablePrivacyFeature
                0x10007e9c       0x10
 i.CyBle_ControllerEnablePrivacyFeature
                0x10007e9c       0x10 Generated_Source\PSoC6\pdl\middleware\ble\lib\cy_ble_stack_gcc_controller_ipc_cm0p.a(CyBleControllerIP_Interface.o)
                0x10007e9c                CyBle_ControllerEnablePrivacyFeature

i.CyBle_ControllerExitLPM
                0x10007eac       0x10
 i.CyBle_ControllerExitLPM
                0x10007eac       0x10 Generated_Source\PSoC6\pdl\middleware\ble\lib\cy_ble_stack_gcc_controller_ipc_cm0p.a(CyBleControllerIP_Interface.o)
                0x10007eac                CyBle_ControllerExitLPM

i.CyBle_ControllerGetBleSsState
                0x10007ebc       0x10
 i.CyBle_ControllerGetBleSsState
                0x10007ebc       0x10 Generated_Source\PSoC6\pdl\middleware\ble\lib\cy_ble_stack_gcc_controller_ipc_cm0p.a(CyBleControllerIP_Interface.o)
                0x10007ebc                CyBle_ControllerGetBleSsState

i.CyBle_ControllerGetFeatureHeapReq
                0x10007ecc       0x58
 i.CyBle_ControllerGetFeatureHeapReq
                0x10007ecc       0x58 Generated_Source\PSoC6\pdl\middleware\ble\lib\cy_ble_stack_gcc_controller_ipc_cm0p.a(CyBleControllerIP_Interface.o)
                0x10007ecc                CyBle_ControllerGetFeatureHeapReq

i.CyBle_ControllerGetFirmwareProgrammedDSM
                0x10007f24        0xc
 i.CyBle_ControllerGetFirmwareProgrammedDSM
                0x10007f24        0xc Generated_Source\PSoC6\pdl\middleware\ble\lib\cy_ble_stack_gcc_controller_ipc_cm0p.a(CyBleControllerIP_Interface.o)
                0x10007f24                CyBle_ControllerGetFirmwareProgrammedDSM

i.CyBle_ControllerGetHeapMemory
                0x10007f30       0x18
 i.CyBle_ControllerGetHeapMemory
                0x10007f30       0x18 Generated_Source\PSoC6\pdl\middleware\ble\lib\cy_ble_stack_gcc_controller_ipc_cm0p.a(CyBleControllerIP_Interface.o)
                0x10007f30                CyBle_ControllerGetHeapMemory

i.CyBle_ControllerGetInternalHeapReq
                0x10007f48       0x40
 i.CyBle_ControllerGetInternalHeapReq
                0x10007f48       0x40 Generated_Source\PSoC6\pdl\middleware\ble\lib\cy_ble_stack_gcc_controller_ipc_cm0p.a(CyBleControllerIP_Interface.o)
                0x10007f48                CyBle_ControllerGetInternalHeapReq

i.CyBle_ControllerHCIReInit
                0x10007f88       0x60
 i.CyBle_ControllerHCIReInit
                0x10007f88       0x60 Generated_Source\PSoC6\pdl\middleware\ble\lib\cy_ble_stack_gcc_controller_ipc_cm0p.a(CyBleControllerIP_Interface.o)
                0x10007f88                CyBle_ControllerHCIReInit

i.CyBle_ControllerInit
                0x10007fe8       0x68
 i.CyBle_ControllerInit
                0x10007fe8       0x68 Generated_Source\PSoC6\pdl\middleware\ble\lib\cy_ble_stack_gcc_controller_ipc_cm0p.a(CyBleControllerIP_Interface.o)
                0x10007fe8                CyBle_ControllerInit

i.CyBle_ControllerReset
                0x10008050       0x20
 i.CyBle_ControllerReset
                0x10008050       0x20 Generated_Source\PSoC6\pdl\middleware\ble\lib\cy_ble_stack_gcc_controller_ipc_cm0p.a(CyBleControllerIP_Interface.o)
                0x10008050                CyBle_ControllerReset

i.CyBle_ControllerSaveLastConnTxPower
                0x10008070       0x10
 i.CyBle_ControllerSaveLastConnTxPower
                0x10008070       0x10 Generated_Source\PSoC6\pdl\middleware\ble\lib\cy_ble_stack_gcc_controller_ipc_cm0p.a(CyBleControllerIP_Interface.o)
                0x10008070                CyBle_ControllerSaveLastConnTxPower

i.CyBle_ControllerSetFeatureConfig
                0x10008080       0x68
 i.CyBle_ControllerSetFeatureConfig
                0x10008080       0x68 Generated_Source\PSoC6\pdl\middleware\ble\lib\cy_ble_stack_gcc_controller_ipc_cm0p.a(CyBleControllerIP_Interface.o)
                0x10008080                CyBle_ControllerSetFeatureConfig

i.CyBle_ControllerSetFirmwareProgrammedDSM
                0x100080e8        0xc
 i.CyBle_ControllerSetFirmwareProgrammedDSM
                0x100080e8        0xc Generated_Source\PSoC6\pdl\middleware\ble\lib\cy_ble_stack_gcc_controller_ipc_cm0p.a(CyBleControllerIP_Interface.o)
                0x100080e8                CyBle_ControllerSetFirmwareProgrammedDSM

i.CyBle_ControllerValidateInputParams
                0x100080f4       0x24
 i.CyBle_ControllerValidateInputParams
                0x100080f4       0x24 Generated_Source\PSoC6\pdl\middleware\ble\lib\cy_ble_stack_gcc_controller_ipc_cm0p.a(CyBleControllerIP_Interface.o)
                0x100080f4                CyBle_ControllerValidateInputParams

i.Cy_BLE_ControllerEnterLPM
                0x10008118       0x2c
 i.Cy_BLE_ControllerEnterLPM
                0x10008118       0x2c Generated_Source\PSoC6\pdl\middleware\ble\lib\cy_ble_stack_gcc_controller_ipc_cm0p.a(CyBleControllerIP_Interface.o)
                0x10008118                Cy_BLE_ControllerEnterLPM

i.Cy_BLE_IsControllerActive
                0x10008144       0x30
 i.Cy_BLE_IsControllerActive
                0x10008144       0x30 Generated_Source\PSoC6\pdl\middleware\ble\lib\cy_ble_stack_gcc_controller_ipc_cm0p.a(ll.o)
                0x10008144                Cy_BLE_IsControllerActive

i.ll_check_and_mark_packet_ready_for_transmission
                0x10008174       0x5c
 i.ll_check_and_mark_packet_ready_for_transmission
                0x10008174       0x5c Generated_Source\PSoC6\pdl\middleware\ble\lib\cy_ble_stack_gcc_controller_ipc_cm0p.a(ll.o)
                0x10008174                ll_check_and_mark_packet_ready_for_transmission

i.ll_cleanup_pending_data_pdu
                0x100081d0       0x3c
 i.ll_cleanup_pending_data_pdu
                0x100081d0       0x3c Generated_Source\PSoC6\pdl\middleware\ble\lib\cy_ble_stack_gcc_controller_ipc_cm0p.a(ll.o)
                0x100081d0                ll_cleanup_pending_data_pdu

i.ll_dequeue_data_in_pdu_q_mgr
                0x1000820c      0x144
 i.ll_dequeue_data_in_pdu_q_mgr
                0x1000820c      0x144 Generated_Source\PSoC6\pdl\middleware\ble\lib\cy_ble_stack_gcc_controller_ipc_cm0p.a(ll.o)
                0x1000820c                ll_dequeue_data_in_pdu_q_mgr

i.ll_derive_window_offset
                0x10008350       0x20
 i.ll_derive_window_offset
                0x10008350       0x20 Generated_Source\PSoC6\pdl\middleware\ble\lib\cy_ble_stack_gcc_controller_ipc_cm0p.a(ll.o)
                0x10008350                ll_derive_window_offset

i.ll_derive_window_size
                0x10008370        0xc
 i.ll_derive_window_size
                0x10008370        0xc Generated_Source\PSoC6\pdl\middleware\ble\lib\cy_ble_stack_gcc_controller_ipc_cm0p.a(ll.o)
                0x10008370                ll_derive_window_size

i.ll_enqueue_data_in_pdu_q_mgr
                0x1000837c       0x9c
 i.ll_enqueue_data_in_pdu_q_mgr
                0x1000837c       0x9c Generated_Source\PSoC6\pdl\middleware\ble\lib\cy_ble_stack_gcc_controller_ipc_cm0p.a(ll.o)
                0x1000837c                ll_enqueue_data_in_pdu_q_mgr

i.ll_enter_dsm_mode
                0x10008418      0x210
 i.ll_enter_dsm_mode
                0x10008418      0x210 Generated_Source\PSoC6\pdl\middleware\ble\lib\cy_ble_stack_gcc_controller_ipc_cm0p.a(ll.o)
                0x10008418                ll_enter_dsm_mode

i.ll_exit_low_power_mode
                0x10008628       0x6c
 i.ll_exit_low_power_mode
                0x10008628       0x6c Generated_Source\PSoC6\pdl\middleware\ble\lib\cy_ble_stack_gcc_controller_ipc_cm0p.a(ll.o)
                0x10008628                ll_exit_low_power_mode

i.ll_get_ack_status
                0x10008694       0x44
 i.ll_get_ack_status
                0x10008694       0x44 Generated_Source\PSoC6\pdl\middleware\ble\lib\cy_ble_stack_gcc_controller_ipc_cm0p.a(ll.o)
                0x10008694                ll_get_ack_status

i.ll_get_ack_status_for_all_connections
                0x100086d8       0x38
 i.ll_get_ack_status_for_all_connections
                0x100086d8       0x38 Generated_Source\PSoC6\pdl\middleware\ble\lib\cy_ble_stack_gcc_controller_ipc_cm0p.a(ll.o)
                0x100086d8                ll_get_ack_status_for_all_connections

i.ll_get_adv_ch_tx_power
                0x10008710       0x16
 i.ll_get_adv_ch_tx_power
                0x10008710       0x16 Generated_Source\PSoC6\pdl\middleware\ble\lib\cy_ble_stack_gcc_controller_ipc_cm0p.a(ll.o)
                0x10008710                ll_get_adv_ch_tx_power

i.ll_get_data_channel_map
                0x10008726       0x28
 i.ll_get_data_channel_map
                0x10008726       0x28 Generated_Source\PSoC6\pdl\middleware\ble\lib\cy_ble_stack_gcc_controller_ipc_cm0p.a(ll.o)
                0x10008726                ll_get_data_channel_map

i.ll_get_max_white_list_size
                0x10008750        0xc
 i.ll_get_max_white_list_size
                0x10008750        0xc Generated_Source\PSoC6\pdl\middleware\ble\lib\cy_ble_stack_gcc_controller_ipc_cm0p.a(ll.o)
                0x10008750                ll_get_max_white_list_size

i.ll_get_my_role
                0x1000875c        0xc
 i.ll_get_my_role
                0x1000875c        0xc Generated_Source\PSoC6\pdl\middleware\ble\lib\cy_ble_stack_gcc_controller_ipc_cm0p.a(ll.o)
                0x1000875c                ll_get_my_role

i.ll_get_next_available_fifo_for_data_pdu
                0x10008768        0x8
 i.ll_get_next_available_fifo_for_data_pdu
                0x10008768        0x8 Generated_Source\PSoC6\pdl\middleware\ble\lib\cy_ble_stack_gcc_controller_ipc_cm0p.a(ll.o)
                0x10008768                ll_get_next_available_fifo_for_data_pdu

i.ll_get_next_available_fifo_for_ll_pdu
                0x10008770       0x30
 i.ll_get_next_available_fifo_for_ll_pdu
                0x10008770       0x30 Generated_Source\PSoC6\pdl\middleware\ble\lib\cy_ble_stack_gcc_controller_ipc_cm0p.a(ll.o)
                0x10008770                ll_get_next_available_fifo_for_ll_pdu

i.ll_get_rssi_value