Archive member included to satisfy reference by file (symbol)

Generated_Source\PSoC6\pdl\middleware\ble\lib\cy_ble_stack_gcc_controller_ipc_cm0p.a(CyBleStackMgrIP_Interface.o)
                              .\CortexM0p\ARM_GCC_541\Debug\cy_ble.o (Cy_BLE_EnablePrivacyFeature)
Generated_Source\PSoC6\pdl\middleware\ble\lib\cy_ble_stack_gcc_controller_ipc_cm0p.a(CyBleStackMgr_PSoCHal.o)
                              Generated_Source\PSoC6\pdl\middleware\ble\lib\cy_ble_stack_gcc_controller_ipc_cm0p.a(CyBleStackMgrIP_Interface.o) (bt_config)
Generated_Source\PSoC6\pdl\middleware\ble\lib\cy_ble_stack_gcc_controller_ipc_cm0p.a(CyBleStackMgr_BleSSDriver.o)
                              Generated_Source\PSoC6\pdl\middleware\ble\lib\cy_ble_stack_gcc_controller_ipc_cm0p.a(CyBleStackMgrIP_Interface.o) (CyBleStackMgr_BleSSInit)
Generated_Source\PSoC6\pdl\middleware\ble\lib\cy_ble_stack_gcc_controller_ipc_cm0p.a(CyBleStackMgr_StackTaskHandler.o)
                              Generated_Source\PSoC6\pdl\middleware\ble\lib\cy_ble_stack_gcc_controller_ipc_cm0p.a(CyBleStackMgrIP_Interface.o) (CyBle_CreateBleStackTask)
Generated_Source\PSoC6\pdl\middleware\ble\lib\cy_ble_stack_gcc_controller_ipc_cm0p.a(config_bin.o)
                              Generated_Source\PSoC6\pdl\middleware\ble\lib\cy_ble_stack_gcc_controller_ipc_cm0p.a(CyBleStackMgr_PSoCHal.o) (bt_cfg_pdata)
Generated_Source\PSoC6\pdl\middleware\ble\lib\cy_ble_stack_gcc_controller_ipc_cm0p.a(BT_timer.o)
                              Generated_Source\PSoC6\pdl\middleware\ble\lib\cy_ble_stack_gcc_controller_ipc_cm0p.a(CyBleStackMgr_StackTaskHandler.o) (BT_timer_process_signals)
Generated_Source\PSoC6\pdl\middleware\ble\lib\cy_ble_stack_gcc_controller_ipc_cm0p.a(bt_os_common.o)
                              Generated_Source\PSoC6\pdl\middleware\ble\lib\cy_ble_stack_gcc_controller_ipc_cm0p.a(CyBleStackMgr_StackTaskHandler.o) (BT_ISROSQPost)
Generated_Source\PSoC6\pdl\middleware\ble\lib\cy_ble_stack_gcc_controller_ipc_cm0p.a(CyBleStackMgrIP_Pilo.o)
                              Generated_Source\PSoC6\pdl\middleware\ble\lib\cy_ble_stack_gcc_controller_ipc_cm0p.a(CyBleStackMgrIP_Interface.o) (CyPilo_InitCalibration)
Generated_Source\PSoC6\pdl\middleware\ble\lib\cy_ble_stack_gcc_controller_ipc_cm0p.a(mint_os.o)
                              Generated_Source\PSoC6\pdl\middleware\ble\lib\cy_ble_stack_gcc_controller_ipc_cm0p.a(CyBleStackMgrIP_Interface.o) (OS_init)
Generated_Source\PSoC6\pdl\middleware\ble\lib\cy_ble_stack_gcc_controller_ipc_cm0p.a(mint_os_queue.o)
                              Generated_Source\PSoC6\pdl\middleware\ble\lib\cy_ble_stack_gcc_controller_ipc_cm0p.a(mint_os.o) (OS_TOTAL_QUEUES)
Generated_Source\PSoC6\pdl\middleware\ble\lib\cy_ble_stack_gcc_controller_ipc_cm0p.a(mint_os_task.o)
                              Generated_Source\PSoC6\pdl\middleware\ble\lib\cy_ble_stack_gcc_controller_ipc_cm0p.a(mint_os.o) (idle_func_handler)
Generated_Source\PSoC6\pdl\middleware\ble\lib\cy_ble_stack_gcc_controller_ipc_cm0p.a(mint_buf_mgmt.o)
                              Generated_Source\PSoC6\pdl\middleware\ble\lib\cy_ble_stack_gcc_controller_ipc_cm0p.a(CyBleStackMgrIP_Interface.o) (mint_buf_mgmt_init)
Generated_Source\PSoC6\pdl\middleware\ble\lib\cy_ble_stack_gcc_controller_ipc_cm0p.a(transport_ipc.o)
                              Generated_Source\PSoC6\pdl\middleware\ble\lib\cy_ble_stack_gcc_controller_ipc_cm0p.a(CyBleStackMgr_PSoCHal.o) (CyBleController_HciIpcInit)
Generated_Source\PSoC6\pdl\middleware\ble\lib\cy_ble_stack_gcc_controller_ipc_cm0p.a(CyBleStackMgr_PSoCIPCHal.o)
                              Generated_Source\PSoC6\pdl\middleware\ble\lib\cy_ble_stack_gcc_controller_ipc_cm0p.a(CyBleStackMgrIP_Interface.o) (CyBleController_IPC_HAL_InitWithStaticMem)
Generated_Source\PSoC6\pdl\middleware\ble\lib\cy_ble_stack_gcc_controller_ipc_cm0p.a(CyBleControllerIP_Interface.o)
                              Generated_Source\PSoC6\pdl\middleware\ble\lib\cy_ble_stack_gcc_controller_ipc_cm0p.a(CyBleStackMgrIP_Interface.o) (CyBle_ControllerEnableDleFeature)
Generated_Source\PSoC6\pdl\middleware\ble\lib\cy_ble_stack_gcc_controller_ipc_cm0p.a(ll.o)
                              Generated_Source\PSoC6\pdl\middleware\ble\lib\cy_ble_stack_gcc_controller_ipc_cm0p.a(CyBleControllerIP_Interface.o) (ll_self_device_data)
Generated_Source\PSoC6\pdl\middleware\ble\lib\cy_ble_stack_gcc_controller_ipc_cm0p.a(ll_advertiser.o)
                              Generated_Source\PSoC6\pdl\middleware\ble\lib\cy_ble_stack_gcc_controller_ipc_cm0p.a(ll.o) (ll_adv_is_configured_connection_adv)
Generated_Source\PSoC6\pdl\middleware\ble\lib\cy_ble_stack_gcc_controller_ipc_cm0p.a(ll_connection.o)
                              Generated_Source\PSoC6\pdl\middleware\ble\lib\cy_ble_stack_gcc_controller_ipc_cm0p.a(ll.o) (bleSlDsmFix)
Generated_Source\PSoC6\pdl\middleware\ble\lib\cy_ble_stack_gcc_controller_ipc_cm0p.a(llh_api.o)
[...]
Memory Configuration

Name             Origin             Length             Attributes
ram              0x08000000         0x00024000         xrw
flash            0x10000000         0x00080000         xr
em_eeprom        0x14000000         0x00008000         xr
sflash_user_data 0x16000800         0x00000800         xr
sflash_nar       0x16001a00         0x00000200         xr
sflash_public_key 0x16005a00         0x00000c00         xr
sflash_toc_2     0x16007c00         0x00000200         xr
sflash_rtoc_2    0x16007e00         0x00000200         xr
xip              0x18000000         0x08000000         xr
efuse            0x90700000         0x00100000         r
*default*        0x00000000         0xffffffff

Linker script and memory map

LOAD c:/program files (x86)/cypress/psoc creator/4.4/psoc creator/import/gnu/arm/5.4.1/bin/../lib/gcc/arm-none-eabi/5.4.1/armv6-m/crti.o
LOAD c:/program files (x86)/cypress/psoc creator/4.4/psoc creator/import/gnu/arm/5.4.1/bin/../lib/gcc/arm-none-eabi/5.4.1/armv6-m/crtbegin.o
LOAD c:/program files (x86)/cypress/psoc creator/4.4/psoc creator/import/gnu/arm/5.4.1/bin/../lib/gcc/arm-none-eabi/5.4.1/../../../../arm-none-eabi/lib/armv6-m/crt0.o
START GROUP
LOAD Generated_Source\PSoC6\pdl\middleware\ble\lib\cy_ble_stack_gcc_radio_max_cm0p.a
LOAD Generated_Source\PSoC6\pdl\middleware\ble\lib\cy_ble_stack_gcc_controller_ipc_cm0p.a
LOAD .\CortexM0p\ARM_GCC_541\Debug\startup_psoc6_01_cm0plus.o
LOAD .\CortexM0p\ARM_GCC_541\Debug\main_cm0p.o
LOAD .\CortexM0p\ARM_GCC_541\Debug\system_psoc6_cm0plus.o
LOAD .\CortexM0p\ARM_GCC_541\Debug\cyfitter_sysint_cfg.o
LOAD .\CortexM0p\ARM_GCC_541\Debug\cyfitter_cfg.o
LOAD .\CortexM0p\ARM_GCC_541\Debug\cymetadata.o
LOAD .\CortexM0p\ARM_GCC_541\Debug\UART.o
LOAD .\CortexM0p\ARM_GCC_541\Debug\ppgI2C.o
LOAD .\CortexM0p\ARM_GCC_541\Debug\BLE.o
LOAD .\CortexM0p\ARM_GCC_541\Debug\BLE_config.o
LOAD .\CortexM0p\ARM_GCC_541\Debug\BLE_custom_config.o
LOAD .\CortexM0p\ARM_GCC_541\Debug\imuSPI.o
LOAD .\CortexM0p\ARM_GCC_541\Debug\cy_efuse.o
LOAD .\CortexM0p\ARM_GCC_541\Debug\cy_flash.o
LOAD .\CortexM0p\ARM_GCC_541\Debug\cy_gpio.o
LOAD .\CortexM0p\ARM_GCC_541\Debug\cy_ipc_drv.o
LOAD .\CortexM0p\ARM_GCC_541\Debug\cy_ipc_sema.o
LOAD .\CortexM0p\ARM_GCC_541\Debug\cy_ipc_pipe.o
LOAD .\CortexM0p\ARM_GCC_541\Debug\cy_lvd.o
LOAD .\CortexM0p\ARM_GCC_541\Debug\cy_profile.o
LOAD .\CortexM0p\ARM_GCC_541\Debug\cy_prot.o
LOAD .\CortexM0p\ARM_GCC_541\Debug\cy_scb_common.o
LOAD .\CortexM0p\ARM_GCC_541\Debug\cy_scb_i2c.o
LOAD .\CortexM0p\ARM_GCC_541\Debug\cy_scb_ezi2c.o
LOAD .\CortexM0p\ARM_GCC_541\Debug\cy_scb_spi.o
LOAD .\CortexM0p\ARM_GCC_541\Debug\cy_scb_uart.o
LOAD .\CortexM0p\ARM_GCC_541\Debug\cy_sysanalog.o
LOAD .\CortexM0p\ARM_GCC_541\Debug\cy_sysclk.o
LOAD .\CortexM0p\ARM_GCC_541\Debug\cy_sysint.o
LOAD .\CortexM0p\ARM_GCC_541\Debug\cy_syslib.o
LOAD .\CortexM0p\ARM_GCC_541\Debug\cy_syslib_gcc.o
LOAD .\CortexM0p\ARM_GCC_541\Debug\cy_syspm.o
LOAD .\CortexM0p\ARM_GCC_541\Debug\cy_systick.o
LOAD .\CortexM0p\ARM_GCC_541\Debug\cy_trigmux.o
LOAD .\CortexM0p\ARM_GCC_541\Debug\cy_wdt.o
LOAD .\CortexM0p\ARM_GCC_541\Debug\cy_device.o
LOAD .\CortexM0p\ARM_GCC_541\Debug\cy_ble.o
LOAD .\CortexM0p\ARM_GCC_541\Debug\cy_ble_hal_int.o
LOAD .\CortexM0p\ARM_GCC_541\Debug\cy_ble_hal_pvt.o
LOAD .\CortexM0p\ARM_GCC_541\Debug\cy_ble_gap.o
LOAD .\CortexM0p\ARM_GCC_541\Debug\cy_ble_gatt.o
LOAD .\CortexM0p\ARM_GCC_541\Debug\cy_ble_event_handler.o
LOAD .\CortexM0p\ARM_GCC_541\Debug\cy_ble_ancs.o
LOAD .\CortexM0p\ARM_GCC_541\Debug\cy_ble_ans.o
LOAD .\CortexM0p\ARM_GCC_541\Debug\cy_ble_aios.o
LOAD .\CortexM0p\ARM_GCC_541\Debug\cy_ble_bas.o
LOAD .\CortexM0p\ARM_GCC_541\Debug\cy_ble_bcs.o
LOAD .\CortexM0p\ARM_GCC_541\Debug\cy_ble_bls.o
LOAD .\CortexM0p\ARM_GCC_541\Debug\cy_ble_bms.o
LOAD .\CortexM0p\ARM_GCC_541\Debug\cy_ble_bts.o
LOAD .\CortexM0p\ARM_GCC_541\Debug\cy_ble_cgms.o
LOAD .\CortexM0p\ARM_GCC_541\Debug\cy_ble_cps.o
LOAD .\CortexM0p\ARM_GCC_541\Debug\cy_ble_cscs.o
LOAD .\CortexM0p\ARM_GCC_541\Debug\cy_ble_cts.o
LOAD .\CortexM0p\ARM_GCC_541\Debug\cy_ble_custom.o
LOAD .\CortexM0p\ARM_GCC_541\Debug\cy_ble_dis.o
LOAD .\CortexM0p\ARM_GCC_541\Debug\cy_ble_ess.o
LOAD .\CortexM0p\ARM_GCC_541\Debug\cy_ble_gls.o
LOAD .\CortexM0p\ARM_GCC_541\Debug\cy_ble_hids.o
LOAD .\CortexM0p\ARM_GCC_541\Debug\cy_ble_hps.o
LOAD .\CortexM0p\ARM_GCC_541\Debug\cy_ble_hrs.o
LOAD .\CortexM0p\ARM_GCC_541\Debug\cy_ble_hts.o
LOAD .\CortexM0p\ARM_GCC_541\Debug\cy_ble_ias.o
LOAD .\CortexM0p\ARM_GCC_541\Debug\cy_ble_ips.o
LOAD .\CortexM0p\ARM_GCC_541\Debug\cy_ble_lls.o
LOAD .\CortexM0p\ARM_GCC_541\Debug\cy_ble_lns.o
LOAD .\CortexM0p\ARM_GCC_541\Debug\cy_ble_ndcs.o
LOAD .\CortexM0p\ARM_GCC_541\Debug\cy_ble_plxs.o
LOAD .\CortexM0p\ARM_GCC_541\Debug\cy_ble_pass.o
LOAD .\CortexM0p\ARM_GCC_541\Debug\cy_ble_rscs.o
LOAD .\CortexM0p\ARM_GCC_541\Debug\cy_ble_rtus.o
LOAD .\CortexM0p\ARM_GCC_541\Debug\cy_ble_scps.o
LOAD .\CortexM0p\ARM_GCC_541\Debug\cy_ble_tps.o
LOAD .\CortexM0p\ARM_GCC_541\Debug\cy_ble_uds.o
LOAD .\CortexM0p\ARM_GCC_541\Debug\cy_ble_wpts.o
LOAD .\CortexM0p\ARM_GCC_541\Debug\cy_ble_wss.o
LOAD .\CortexM0p\ARM_GCC_541\Debug\cy_ble_clk.o
END GROUP
START GROUP
LOAD c:/program files (x86)/cypress/psoc creator/4.4/psoc creator/import/gnu/arm/5.4.1/bin/../lib/gcc/arm-none-eabi/5.4.1/armv6-m\libgcc.a
LOAD c:/program files (x86)/cypress/psoc creator/4.4/psoc creator/import/gnu/arm/5.4.1/bin/../lib/gcc/arm-none-eabi/5.4.1/../../../../arm-none-eabi/lib/armv6-m\libg_nano.a
LOAD c:/program files (x86)/cypress/psoc creator/4.4/psoc creator/import/gnu/arm/5.4.1/bin/../lib/gcc/arm-none-eabi/5.4.1/../../../../arm-none-eabi/lib/armv6-m\libc_nano.a
END GROUP
START GROUP
LOAD c:/program files (x86)/cypress/psoc creator/4.4/psoc creator/import/gnu/arm/5.4.1/bin/../lib/gcc/arm-none-eabi/5.4.1/armv6-m\libgcc.a
LOAD c:/program files (x86)/cypress/psoc creator/4.4/psoc creator/import/gnu/arm/5.4.1/bin/../lib/gcc/arm-none-eabi/5.4.1/../../../../arm-none-eabi/lib/armv6-m\libc_nano.a
END GROUP
LOAD c:/program files (x86)/cypress/psoc creator/4.4/psoc creator/import/gnu/arm/5.4.1/bin/../lib/gcc/arm-none-eabi/5.4.1/armv6-m/crtend.o
LOAD c:/program files (x86)/cypress/psoc creator/4.4/psoc creator/import/gnu/arm/5.4.1/bin/../lib/gcc/arm-none-eabi/5.4.1/armv6-m/crtn.o
START GROUP
LOAD c:/program files (x86)/cypress/psoc creator/4.4/psoc creator/import/gnu/arm/5.4.1/bin/../lib/gcc/arm-none-eabi/5.4.1/armv6-m\libgcc.a
LOAD c:/program files (x86)/cypress/psoc creator/4.4/psoc creator/import/gnu/arm/5.4.1/bin/../lib/gcc/arm-none-eabi/5.4.1/../../../../arm-none-eabi/lib/armv6-m\libc.a
LOAD c:/program files (x86)/cypress/psoc creator/4.4/psoc creator/import/gnu/arm/5.4.1/bin/../lib/gcc/arm-none-eabi/5.4.1/../../../../arm-none-eabi/lib/armv6-m\libnosys.a
END GROUP
START GROUP
LOAD c:/program files (x86)/cypress/psoc creator/4.4/psoc creator/import/gnu/arm/5.4.1/bin/../lib/gcc/arm-none-eabi/5.4.1/armv6-m\libgcc.a
LOAD c:/program files (x86)/cypress/psoc creator/4.4/psoc creator/import/gnu/arm/5.4.1/bin/../lib/gcc/arm-none-eabi/5.4.1/../../../../arm-none-eabi/lib/armv6-m\libc.a
LOAD c:/program files (x86)/cypress/psoc creator/4.4/psoc creator/import/gnu/arm/5.4.1/bin/../lib/gcc/arm-none-eabi/5.4.1/../../../../arm-none-eabi/lib/armv6-m\libm.a
LOAD c:/program files (x86)/cypress/psoc creator/4.4/psoc creator/import/gnu/arm/5.4.1/bin/../lib/gcc/arm-none-eabi/5.4.1/../../../../arm-none-eabi/lib/armv6-m\libnosys.a
END GROUP

.cy_app_header
 *(.cy_app_header)

.text           0x10000000     0x2654
                0x10000000                . = ALIGN (0x4)
                0x10000000                __Vectors = .
 *(.vectors)
 .vectors       0x10000000       0xc0 .\CortexM0p\ARM_GCC_541\Debug\startup_psoc6_01_cm0plus.o
                0x100000c0                . = ALIGN (0x4)
                0x100000c0                __Vectors_End = .
                0x000000c0                __Vectors_Size = (__Vectors_End - __Vectors)
                0x100000c0                __end__ = .
                0x100000c0                . = ALIGN (0x4)
 *(.text*)
 .text          0x100000c0       0x60 c:/program files (x86)/cypress/psoc creator/4.4/psoc creator/import/gnu/arm/5.4.1/bin/../lib/gcc/arm-none-eabi/5.4.1/armv6-m/crtbegin.o
 .text          0x10000120       0x80 .\CortexM0p\ARM_GCC_541\Debug\startup_psoc6_01_cm0plus.o
                0x10000120                Cy_OnResetUser
                0x10000122                Reset_Handler
                0x10000180                NvicMux10_IRQHandler
                0x10000180                NvicMux26_IRQHandler
                0x10000180                SysTick_Handler
                0x10000180                NvicMux21_IRQHandler
                0x10000180                NMI_Handler
                0x10000180                NvicMux19_IRQHandler
                0x10000180                NvicMux8_IRQHandler
                0x10000180                NvicMux27_IRQHandler
                0x10000180                PendSV_Handler
                0x10000180                NvicMux17_IRQHandler
                0x10000180                NvicMux0_IRQHandler
                0x10000180                NvicMux25_IRQHandler
                0x10000180                NvicMux13_IRQHandler
                0x10000180                NvicMux11_IRQHandler
                0x10000180                NvicMux9_IRQHandler
                0x10000180                NvicMux18_IRQHandler
                0x10000180                NvicMux6_IRQHandler
                0x10000180                NvicMux22_IRQHandler
                0x10000180                NvicMux7_IRQHandler
                0x10000180                NvicMux2_IRQHandler
                0x10000180                NvicMux4_IRQHandler
                0x10000180                Default_Handler
                0x10000180                NvicMux30_IRQHandler
                0x10000180                NvicMux12_IRQHandler
                0x10000180                NvicMux5_IRQHandler
                0x10000180                NvicMux14_IRQHandler
                0x10000180                NvicMux3_IRQHandler
                0x10000180                SVC_Handler
                0x10000180                NvicMux1_IRQHandler
                0x10000180                NvicMux16_IRQHandler
                0x10000180                NvicMux29_IRQHandler
                0x10000180                NvicMux31_IRQHandler
                0x10000180                NvicMux24_IRQHandler
                0x10000180                NvicMux20_IRQHandler
                0x10000180                NvicMux15_IRQHandler
                0x10000180                NvicMux28_IRQHandler
                0x10000180                NvicMux23_IRQHandler
                0x10000184                HardFault_Handler
 .text.main     0x100001a0       0x10 .\CortexM0p\ARM_GCC_541\Debug\main_cm0p.o
                0x100001a0                main
 .text.Cy_SysIpcPipeIsrCm0
                0x100001b0        0xc .\CortexM0p\ARM_GCC_541\Debug\system_psoc6_cm0plus.o
                0x100001b0                Cy_SysIpcPipeIsrCm0
 .text.SystemCoreClockUpdate
                0x100001bc      0x1b0 .\CortexM0p\ARM_GCC_541\Debug\system_psoc6_cm0plus.o
                0x100001bc                SystemCoreClockUpdate
 .text.SystemInit
                0x1000036c       0xc8 .\CortexM0p\ARM_GCC_541\Debug\system_psoc6_cm0plus.o
                0x1000036c                SystemInit
 .text.Cy_SysGetCM4Status
                0x10000434       0x10 .\CortexM0p\ARM_GCC_541\Debug\system_psoc6_cm0plus.o
                0x10000434                Cy_SysGetCM4Status
 .text.Cy_SysResetCM4
                0x10000444       0x34 .\CortexM0p\ARM_GCC_541\Debug\system_psoc6_cm0plus.o
                0x10000444                Cy_SysResetCM4
 .text.Cy_SysEnableCM4
                0x10000478       0x5c .\CortexM0p\ARM_GCC_541\Debug\system_psoc6_cm0plus.o
                0x10000478                Cy_SysEnableCM4
 .text.CyClockStartupError
                0x100004d4        0x4 .\CortexM0p\ARM_GCC_541\Debug\cyfitter_cfg.o
 .text.AnalogSetDefault
                0x100004d8       0x10 .\CortexM0p\ARM_GCC_541\Debug\cyfitter_cfg.o
 .text.ClockInit
                0x100004e8      0x2fc .\CortexM0p\ARM_GCC_541\Debug\cyfitter_cfg.o
 .text.Cy_SystemInit
                0x100007e4      0x14c .\CortexM0p\ARM_GCC_541\Debug\cyfitter_cfg.o
                0x100007e4                Cy_SystemInit
 .text.Cy_Flash_ProcessOpcode
                0x10000930       0xbc .\CortexM0p\ARM_GCC_541\Debug\cy_flash.o
 .text.Cy_Flash_OperationStatus
                0x100009ec       0x5c .\CortexM0p\ARM_GCC_541\Debug\cy_flash.o
 .text.Cy_Flash_InitExt
                0x10000a48       0x44 .\CortexM0p\ARM_GCC_541\Debug\cy_flash.o
                0x10000a48                Cy_Flash_InitExt
 .text.Cy_Flash_Init
                0x10000a8c       0x10 .\CortexM0p\ARM_GCC_541\Debug\cy_flash.o
                0x10000a8c                Cy_Flash_Init
 .text.Cy_GPIO_Pin_Init
                0x10000a9c      0x334 .\CortexM0p\ARM_GCC_541\Debug\cy_gpio.o
                0x10000a9c                Cy_GPIO_Pin_Init
 .text.Cy_GPIO_Port_Init
                0x10000dd0       0xdc .\CortexM0p\ARM_GCC_541\Debug\cy_gpio.o
                0x10000dd0                Cy_GPIO_Port_Init
 .text.Cy_IPC_Drv_LockRelease
                0x10000eac       0x40 .\CortexM0p\ARM_GCC_541\Debug\cy_ipc_drv.o
                0x10000eac                Cy_IPC_Drv_LockRelease
 .text.Cy_IPC_Drv_SendMsgWord
                0x10000eec       0x40 .\CortexM0p\ARM_GCC_541\Debug\cy_ipc_drv.o
                0x10000eec                Cy_IPC_Drv_SendMsgWord
 .text.Cy_IPC_Drv_ReadMsgWord
                0x10000f2c       0x38 .\CortexM0p\ARM_GCC_541\Debug\cy_ipc_drv.o
                0x10000f2c                Cy_IPC_Drv_ReadMsgWord
 .text.Cy_IPC_Sema_InitExt
                0x10000f64       0xac .\CortexM0p\ARM_GCC_541\Debug\cy_ipc_sema.o
                0x10000f64                Cy_IPC_Sema_InitExt
 .text.Cy_IPC_Sema_Init
                0x10001010       0x68 .\CortexM0p\ARM_GCC_541\Debug\cy_ipc_sema.o
                0x10001010                Cy_IPC_Sema_Init
 .text.Cy_IPC_Sema_Clear
                0x10001078       0x8c .\CortexM0p\ARM_GCC_541\Debug\cy_ipc_sema.o
                0x10001078                Cy_IPC_Sema_Clear
 .text.Cy_IPC_Sema_Status
                0x10001104       0x3c .\CortexM0p\ARM_GCC_541\Debug\cy_ipc_sema.o
                0x10001104                Cy_IPC_Sema_Status
 .text.Cy_IPC_Pipe_Config
                0x10001140       0x14 .\CortexM0p\ARM_GCC_541\Debug\cy_ipc_pipe.o
                0x10001140                Cy_IPC_Pipe_Config
 .text.Cy_IPC_Pipe_EndpointInit
                0x10001154       0xd8 .\CortexM0p\ARM_GCC_541\Debug\cy_ipc_pipe.o
                0x10001154                Cy_IPC_Pipe_EndpointInit
 .text.Cy_IPC_Pipe_Init
                0x1000122c       0xbc .\CortexM0p\ARM_GCC_541\Debug\cy_ipc_pipe.o
                0x1000122c                Cy_IPC_Pipe_Init
 .text.Cy_IPC_Pipe_SendMessage
                0x100012e8       0xb8 .\CortexM0p\ARM_GCC_541\Debug\cy_ipc_pipe.o
                0x100012e8                Cy_IPC_Pipe_SendMessage
 .text.Cy_IPC_Pipe_RegisterCallback
                0x100013a0       0x54 .\CortexM0p\ARM_GCC_541\Debug\cy_ipc_pipe.o
                0x100013a0                Cy_IPC_Pipe_RegisterCallback
 .text.Cy_IPC_Pipe_ExecCallback
                0x100013f4       0xd0 .\CortexM0p\ARM_GCC_541\Debug\cy_ipc_pipe.o
                0x100013f4                Cy_IPC_Pipe_ExecCallback
 .text.Cy_IPC_Pipe_ExecuteCallback
                0x100014c4       0x30 .\CortexM0p\ARM_GCC_541\Debug\cy_ipc_pipe.o
                0x100014c4                Cy_IPC_Pipe_ExecuteCallback
 .text.Cy_Prot_GetActivePC
                0x100014f4       0x34 .\CortexM0p\ARM_GCC_541\Debug\cy_prot.o
                0x100014f4                Cy_Prot_GetActivePC
 .text.Cy_SysClk_ClkPathSetSource
                0x10001528       0x5c .\CortexM0p\ARM_GCC_541\Debug\cy_sysclk.o
                0x10001528                Cy_SysClk_ClkPathSetSource
 .text.Cy_SysClk_FllManualConfigure
                0x10001584      0x178 .\CortexM0p\ARM_GCC_541\Debug\cy_sysclk.o
                0x10001584                Cy_SysClk_FllManualConfigure
 .text.Cy_SysClk_FllEnable
                0x100016fc       0xdc .\CortexM0p\ARM_GCC_541\Debug\cy_sysclk.o
                0x100016fc                Cy_SysClk_FllEnable
 .text.Cy_SysInt_SetInterruptSource
                0x100017d8       0x78 .\CortexM0p\ARM_GCC_541\Debug\cy_sysint.o
                0x100017d8                Cy_SysInt_SetInterruptSource
 .text.Cy_SysInt_SetVector
                0x10001850       0x44 .\CortexM0p\ARM_GCC_541\Debug\cy_sysint.o
                0x10001850                Cy_SysInt_SetVector
 .text.Cy_SysInt_Init
                0x10001894       0xc4 .\CortexM0p\ARM_GCC_541\Debug\cy_sysint.o
                0x10001894                Cy_SysInt_Init
 .text.Cy_SysLib_DelayUs
                0x10001958       0x14 .\CortexM0p\ARM_GCC_541\Debug\cy_syslib.o
                0x10001958                Cy_SysLib_DelayUs
 .text.Cy_SysLib_Halt
                0x1000196c        0x4 .\CortexM0p\ARM_GCC_541\Debug\cy_syslib.o
                0x1000196c                Cy_SysLib_Halt
 .text.Cy_SysLib_AssertFailed
                0x10001970       0x1c .\CortexM0p\ARM_GCC_541\Debug\cy_syslib.o
                0x10001970                Cy_SysLib_AssertFailed
 .text.Cy_SysLib_ResetBackupDomain
                0x1000198c       0x20 .\CortexM0p\ARM_GCC_541\Debug\cy_syslib.o
                0x1000198c                Cy_SysLib_ResetBackupDomain
 .text.Cy_SysLib_GetResetReason
                0x100019ac       0x1c .\CortexM0p\ARM_GCC_541\Debug\cy_syslib.o
                0x100019ac                Cy_SysLib_GetResetReason
 .text.Cy_SysLib_ProcessingFault
                0x100019c8        0x4 .\CortexM0p\ARM_GCC_541\Debug\cy_syslib.o
                0x100019c8                Cy_SysLib_ProcessingFault
 .text.Cy_SysLib_FaultHandler
                0x100019cc       0x30 .\CortexM0p\ARM_GCC_541\Debug\cy_syslib.o
                0x100019cc                Cy_SysLib_FaultHandler
 .text.Cy_SysLib_SetWaitStates
                0x100019fc       0xe0 .\CortexM0p\ARM_GCC_541\Debug\cy_syslib.o
                0x100019fc                Cy_SysLib_SetWaitStates
 *fill*         0x10001adc        0x4 
 .text          0x10001ae0       0x20 .\CortexM0p\ARM_GCC_541\Debug\cy_syslib_gcc.o
                0x10001ae0                Cy_SysLib_DelayCycles
                0x10001af2                Cy_SysLib_EnterCriticalSection
                0x10001afa                Cy_SysLib_ExitCriticalSection
 .text.SetReadMarginTrimUlp
                0x10001b00       0x98 .\CortexM0p\ARM_GCC_541\Debug\cy_syspm.o
 .text.SetReadMarginTrimLp
                0x10001b98       0x90 .\CortexM0p\ARM_GCC_541\Debug\cy_syspm.o
 .text.SetWriteAssistTrimUlp
                0x10001c28       0x74 .\CortexM0p\ARM_GCC_541\Debug\cy_syspm.o
 .text.SetWriteAssistTrimLp
                0x10001c9c       0x84 .\CortexM0p\ARM_GCC_541\Debug\cy_syspm.o
 .text.IsVoltageChangePossible
                0x10001d20       0x58 .\CortexM0p\ARM_GCC_541\Debug\cy_syspm.o
 .text.Cy_SysPm_WriteVoltageBitForFlash
                0x10001d78      0x12c .\CortexM0p\ARM_GCC_541\Debug\cy_syspm.o
                0x10001d78                Cy_SysPm_WriteVoltageBitForFlash
 .text.Cy_SysPm_LdoSetVoltage
                0x10001ea4       0xd0 .\CortexM0p\ARM_GCC_541\Debug\cy_syspm.o
                0x10001ea4                Cy_SysPm_LdoSetVoltage
 .text.Cy_SysTick_SetClockSource
                0x10001f74       0x3c .\CortexM0p\ARM_GCC_541\Debug\cy_systick.o
                0x10001f74                Cy_SysTick_SetClockSource
 .text.Cy_WDT_Unlock
                0x10001fb0       0x24 .\CortexM0p\ARM_GCC_541\Debug\cy_wdt.o
                0x10001fb0                Cy_WDT_Unlock
 .text.Cy_PDL_Init
                0x10001fd4        0xc .\CortexM0p\ARM_GCC_541\Debug\cy_device.o
                0x10001fd4                Cy_PDL_Init
 .text          0x10001fe0      0x114 c:/program files (x86)/cypress/psoc creator/4.4/psoc creator/import/gnu/arm/5.4.1/bin/../lib/gcc/arm-none-eabi/5.4.1/armv6-m\libgcc.a(_udivsi3.o)
                0x10001fe0                __aeabi_uidiv
                0x10001fe0                __udivsi3
                0x100020ec                __aeabi_uidivmod
 .text          0x100020f4        0x4 c:/program files (x86)/cypress/psoc creator/4.4/psoc creator/import/gnu/arm/5.4.1/bin/../lib/gcc/arm-none-eabi/5.4.1/armv6-m\libgcc.a(_dvmd_tls.o)
                0x100020f4                __aeabi_idiv0
                0x100020f4                __aeabi_ldiv0
 .text.memset   0x100020f8       0x10 c:/program files (x86)/cypress/psoc creator/4.4/psoc creator/import/gnu/arm/5.4.1/bin/../lib/gcc/arm-none-eabi/5.4.1/../../../../arm-none-eabi/lib/armv6-m\libg_nano.a(lib_a-memset.o)
                0x100020f8                memset
 .text.strncpy  0x10002108       0x26 c:/program files (x86)/cypress/psoc creator/4.4/psoc creator/import/gnu/arm/5.4.1/bin/../lib/gcc/arm-none-eabi/5.4.1/../../../../arm-none-eabi/lib/armv6-m\libg_nano.a(lib_a-strncpy.o)
                0x10002108                strncpy
 *(.init)
 *fill*         0x1000212e        0x2 
 .init          0x10002130        0x4 c:/program files (x86)/cypress/psoc creator/4.4/psoc creator/import/gnu/arm/5.4.1/bin/../lib/gcc/arm-none-eabi/5.4.1/armv6-m/crti.o
                0x10002130                _init
 .init          0x10002134        0x8 c:/program files (x86)/cypress/psoc creator/4.4/psoc creator/import/gnu/arm/5.4.1/bin/../lib/gcc/arm-none-eabi/5.4.1/armv6-m/crtn.o
 *(.fini)
 .fini          0x1000213c        0x4 c:/program files (x86)/cypress/psoc creator/4.4/psoc creator/import/gnu/arm/5.4.1/bin/../lib/gcc/arm-none-eabi/5.4.1/armv6-m/crti.o
                0x1000213c                _fini
 .fini          0x10002140        0x8 c:/program files (x86)/cypress/psoc creator/4.4/psoc creator/import/gnu/arm/5.4.1/bin/../lib/gcc/arm-none-eabi/5.4.1/armv6-m/crtn.o
 *crtbegin.o(.ctors)
 *crtbegin?.o(.ctors)
 *(EXCLUDE_FILE(*crtend.o *crtend?.o) .ctors)
 *(SORT(.ctors.*))
 *(.ctors)
 *crtbegin.o(.dtors)
 *crtbegin?.o(.dtors)
 *(EXCLUDE_FILE(*crtend.o *crtend?.o) .dtors)
 *(SORT(.dtors.*))
 *(.dtors)
 *(.rodata .rodata.* .constdata .constdata.* .conststring .conststring.*)
 .rodata        0x10002148       0x34 .\CortexM0p\ARM_GCC_541\Debug\system_psoc6_cm0plus.o
 .rodata.str1.4
                0x1000217c       0x17 .\CortexM0p\ARM_GCC_541\Debug\system_psoc6_cm0plus.o
 *fill*         0x10002193        0x1 
 .rodata        0x10002194       0x80 .\CortexM0p\ARM_GCC_541\Debug\cyfitter_cfg.o
 .rodata.str1.4
                0x10002214       0x3f .\CortexM0p\ARM_GCC_541\Debug\cy_flash.o
 *fill*         0x10002253        0x1 
 .rodata.str1.4
                0x10002254       0x7d .\CortexM0p\ARM_GCC_541\Debug\cy_gpio.o
 *fill*         0x100022d1        0x3 
 .rodata.str1.4
                0x100022d4       0x7f .\CortexM0p\ARM_GCC_541\Debug\cy_ipc_drv.o
 .rodata.str1.4
                0x10002353       0x3f .\CortexM0p\ARM_GCC_541\Debug\cy_ipc_sema.o
 *fill*         0x10002353        0x1 
 .rodata.str1.4
                0x10002354       0x40 .\CortexM0p\ARM_GCC_541\Debug\cy_ipc_pipe.o
                                 0x7f (size before relaxing)
 .rodata.str1.4
                0x10002394       0x3d .\CortexM0p\ARM_GCC_541\Debug\cy_prot.o
 *fill*         0x100023d1        0x3 
 .rodata.str1.4
                0x100023d4       0x85 .\CortexM0p\ARM_GCC_541\Debug\cy_sysclk.o
 *fill*         0x10002459        0x3 
 .rodata.str1.4
                0x1000245c       0x41 .\CortexM0p\ARM_GCC_541\Debug\cy_sysint.o
 *fill*         0x1000249d        0x3 
 .rodata.str1.4
                0x100024a0       0x40 .\CortexM0p\ARM_GCC_541\Debug\cy_syspm.o
                                 0x7f (size before relaxing)
 .rodata        0x100024e0      0x170 .\CortexM0p\ARM_GCC_541\Debug\cy_device.o
                0x100024e0                cy_deviceIpBlockCfgPSoC6_02
                0x10002598                cy_deviceIpBlockCfgPSoC6_01
 *(.eh_frame*)
 .eh_frame      0x10002650        0x0 c:/program files (x86)/cypress/psoc creator/4.4/psoc creator/import/gnu/arm/5.4.1/bin/../lib/gcc/arm-none-eabi/5.4.1/armv6-m/crtbegin.o
 .eh_frame      0x10002650        0x4 c:/program files (x86)/cypress/psoc creator/4.4/psoc creator/import/gnu/arm/5.4.1/bin/../lib/gcc/arm-none-eabi/5.4.1/armv6-m/crtend.o

.glue_7         0x10002654        0x0
 .glue_7        0x10002654        0x0 linker stubs

.glue_7t        0x10002654        0x0
 .glue_7t       0x10002654        0x0 linker stubs

.vfp11_veneer   0x10002654        0x0
 .vfp11_veneer  0x10002654        0x0 linker stubs

.v4_bx          0x10002654        0x0
 .v4_bx         0x10002654        0x0 linker stubs

.iplt           0x10002654        0x0
 .iplt          0x10002654        0x0 c:/program files (x86)/cypress/psoc creator/4.4/psoc creator/import/gnu/arm/5.4.1/bin/../lib/gcc/arm-none-eabi/5.4.1/armv6-m/crtbegin.o

.ARM.extab
 *(.ARM.extab* .gnu.linkonce.armextab.*)
                0x10002654                __exidx_start = .

.ARM.exidx
 *(.ARM.exidx* .gnu.linkonce.armexidx.*)
                0x10002654                __exidx_end = .

.copy.table     0x10002654       0x18
                0x10002654                . = ALIGN (0x4)
                0x10002654                __copy_table_start__ = .
                0x10002654        0x4 LONG 0x10000000 __Vectors
                0x10002658        0x4 LONG 0x8000000 __ram_vectors_start__
                0x1000265c        0x4 LONG 0xc0 (__Vectors_End - __Vectors)
                0x10002660        0x4 LONG 0x10002674 __etext
                0x10002664        0x4 LONG 0x80000c0 __data_start__
                0x10002668        0x4 LONG 0x540 (__data_end__ - __data_start__)
                0x1000266c                __copy_table_end__ = .

.zero.table     0x1000266c        0x8
                0x1000266c                . = ALIGN (0x4)
                0x1000266c                __zero_table_start__ = .
                0x1000266c        0x4 LONG 0x80013ac __bss_start__
                0x10002670        0x4 LONG 0x1d8 (__bss_end__ - __bss_start__)
                0x10002674                __zero_table_end__ = .
                0x10002674                __etext = .

.ramVectors     0x08000000       0xc0
                0x08000000                __ram_vectors_start__ = .
 *(.ram_vectors)
 .ram_vectors   0x08000000       0xc0 .\CortexM0p\ARM_GCC_541\Debug\startup_psoc6_01_cm0plus.o
                0x08000000                __ramVectors
                0x080000c0                __ram_vectors_end__ = .

.data           0x080000c0      0x540 load address 0x10002674
                0x080000c0                __data_start__ = .
 *(vtable)
 *(.data*)
 .data          0x080000c0       0x20 .\CortexM0p\ARM_GCC_541\Debug\system_psoc6_cm0plus.o
                0x080000c0                cy_BleEcoClockFreqHz
                0x080000c4                cy_Hfclk0FreqHz
                0x080000c8                cy_PeriClkFreqHz
                0x080000cc                SystemCoreClock
                0x080000d0                cy_delayFreqHz
                0x080000d4                cy_delayFreqMhz
                0x080000d8                cy_delayFreqKhz
                0x080000dc                cy_delay32kMs
                0x080000e0                . = ALIGN (0x4)
                0x080000e0                PROVIDE (__preinit_array_start, .)
 *(.preinit_array)
                0x080000e0                PROVIDE (__preinit_array_end, .)
                0x080000e0                . = ALIGN (0x4)
                0x080000e0                PROVIDE (__init_array_start, .)
 *(SORT(.init_array.*))
 *(.init_array)
 .init_array    0x080000e0        0x4 c:/program files (x86)/cypress/psoc creator/4.4/psoc creator/import/gnu/arm/5.4.1/bin/../lib/gcc/arm-none-eabi/5.4.1/armv6-m/crtbegin.o
                0x080000e4                PROVIDE (__init_array_end, .)
                0x080000e4                . = ALIGN (0x4)
                [!provide]                PROVIDE (__fini_array_start, .)
 *(SORT(.fini_array.*))
 *(.fini_array)
 .fini_array    0x080000e4        0x4 c:/program files (x86)/cypress/psoc creator/4.4/psoc creator/import/gnu/arm/5.4.1/bin/../lib/gcc/arm-none-eabi/5.4.1/armv6-m/crtbegin.o
                [!provide]                PROVIDE (__fini_array_end, .)
 *(.jcr*)
 .jcr           0x080000e8        0x0 c:/program files (x86)/cypress/psoc creator/4.4/psoc creator/import/gnu/arm/5.4.1/bin/../lib/gcc/arm-none-eabi/5.4.1/armv6-m/crtbegin.o
 .jcr           0x080000e8        0x4 c:/program files (x86)/cypress/psoc creator/4.4/psoc creator/import/gnu/arm/5.4.1/bin/../lib/gcc/arm-none-eabi/5.4.1/armv6-m/crtend.o
                0x080000ec                . = ALIGN (0x4)
 *(.cy_ramfunc*)
 .cy_ramfunc    0x080000ec      0x248 .\CortexM0p\ARM_GCC_541\Debug\cy_flash.o
 .cy_ramfunc    0x08000334      0x238 .\CortexM0p\ARM_GCC_541\Debug\cy_syspm.o
 *fill*         0x0800056c        0x4 
 .cy_ramfunc.__stub
                0x08000570       0x90 linker stubs
                0x08000600                . = ALIGN (0x4)
                0x08000600                __data_end__ = .

.igot.plt       0x08000600        0x0 load address 0x10002bb4
 .igot.plt      0x08000600        0x0 c:/program files (x86)/cypress/psoc creator/4.4/psoc creator/import/gnu/arm/5.4.1/bin/../lib/gcc/arm-none-eabi/5.4.1/armv6-m/crtbegin.o

.noinit         0x08000600      0xdac load address 0x10002bb8
 *(.noinit)
 .noinit        0x08000600       0x3c .\CortexM0p\ARM_GCC_541\Debug\cy_syslib.o
                0x08000600                cy_assertFileName
                0x08000618                cy_assertLine
                0x0800061c                cy_faultFrame
 .noinit        0x0800063c      0xd70 .\CortexM0p\ARM_GCC_541\Debug\cy_ble.o
                0x0800063c                cy_ble_stackMemoryRam

.bss            0x080013ac      0x1d8 load address 0x10003964
                0x080013ac                . = ALIGN (0x4)
                0x080013ac                __bss_start__ = .
 *(.bss*)
 .bss           0x080013ac       0x1c c:/program files (x86)/cypress/psoc creator/4.4/psoc creator/import/gnu/arm/5.4.1/bin/../lib/gcc/arm-none-eabi/5.4.1/armv6-m/crtbegin.o
 .bss           0x080013c8      0x190 .\CortexM0p\ARM_GCC_541\Debug\system_psoc6_cm0plus.o
 .bss           0x08001558       0x18 .\CortexM0p\ARM_GCC_541\Debug\cy_flash.o
 .bss           0x08001570        0xc .\CortexM0p\ARM_GCC_541\Debug\cy_ipc_sema.o
 .bss           0x0800157c        0x4 .\CortexM0p\ARM_GCC_541\Debug\cy_ipc_pipe.o
 *(COMMON)
 COMMON         0x08001580        0x4 .\CortexM0p\ARM_GCC_541\Debug\cy_device.o
                0x08001580                cy_device
                0x08001584                . = ALIGN (0x4)
                0x08001584                __bss_end__ = .

.heap           0x08001588      0x400
                0x08001588                __HeapBase = .
                0x08001588                __end__ = .
                0x08001588                end = __end__
 *(.heap*)
 .heap          0x08001588      0x400 .\CortexM0p\ARM_GCC_541\Debug\startup_psoc6_01_cm0plus.o
                0x08001988                __HeapLimit = .

.stack_dummy    0x08001588     0x1000
 *(.stack*)
 .stack         0x08001588     0x1000 .\CortexM0p\ARM_GCC_541\Debug\startup_psoc6_01_cm0plus.o
                0x08024000                __StackTop = (ORIGIN (ram) + LENGTH (ram))
                0x08023000                __StackLimit = (__StackTop - SIZEOF (.stack_dummy))
                0x08024000                PROVIDE (__stack, __StackTop)
                0x00000001                ASSERT ((__StackLimit >= __HeapLimit), region RAM overflowed with stack)

.cy_em_eeprom
 *(.cy_em_eeprom)

.cy_sflash_user_data
 *(.cy_sflash_user_data)

.cy_sflash_nar
 *(.cy_sflash_nar)

.cy_sflash_public_key
 *(.cy_sflash_public_key)

.cy_toc_part2
 *(.cy_toc_part2)

.cy_rtoc_part2
 *(.cy_rtoc_part2)

.cy_xip
 *(.cy_xip)

.cy_efuse
 *(.cy_efuse)

.cymeta         0x90500000        0xc
 *(.cymeta)
 .cymeta        0x90500000        0xc .\CortexM0p\ARM_GCC_541\Debug\cymetadata.o
                0x90500000                cy_metadata
                0x10000000                __cy_memory_0_start = 0x10000000
                0x00100000                __cy_memory_0_length = 0x100000
                0x00000200                __cy_memory_0_row_size = 0x200
                0x14000000                __cy_memory_1_start = 0x14000000
                0x00008000                __cy_memory_1_length = 0x8000
                0x00000200                __cy_memory_1_row_size = 0x200
                0x16000000                __cy_memory_2_start = 0x16000000
                0x00008000                __cy_memory_2_length = 0x8000
                0x00000200                __cy_memory_2_row_size = 0x200
                0x18000000                __cy_memory_3_start = 0x18000000
                0x08000000                __cy_memory_3_length = 0x8000000
                0x00000200                __cy_memory_3_row_size = 0x200
                0x90700000                __cy_memory_4_start = 0x90700000
                0x00100000                __cy_memory_4_length = 0x100000
                0x00000001                __cy_memory_4_row_size = 0x1
OUTPUT(C:\Users\Nusair Islam\Desktop\PSOC\Master\Master.cydsn\CortexM0p\ARM_GCC_541\Debug\Master_link.elf elf32-littlearm)

.rel.dyn        0x08001584        0x0 load address 0x985025c4
 .rel.iplt      0x08001584        0x0 c:/program files (x86)/cypress/psoc creator/4.4/psoc creator/import/gnu/arm/5.4.1/bin/../lib/gcc/arm-none-eabi/5.4.1/armv6-m/crtbegin.o

.ARM.attributes
                0x00000000       0x2a
 .ARM.attributes
                0x00000000       0x1e c:/program files (x86)/cypress/psoc creator/4.4/psoc creator/import/gnu/arm/5.4.1/bin/../lib/gcc/arm-none-eabi/5.4.1/armv6-m/crti.o
 .ARM.attributes
                0x0000001e       0x2c c:/program files (x86)/cypress/psoc creator/4.4/psoc creator/import/gnu/arm/5.4.1/bin/../lib/gcc/arm-none-eabi/5.4.1/armv6-m/crtbegin.o
 .ARM.attributes
                0x0000004a       0x1b .\CortexM0p\ARM_GCC_541\Debug\startup_psoc6_01_cm0plus.o
 .ARM.attributes
                0x00000065       0x32 .\CortexM0p\ARM_GCC_541\Debug\main_cm0p.o
 .ARM.attributes
                0x00000097       0x32 .\CortexM0p\ARM_GCC_541\Debug\system_psoc6_cm0plus.o
 .ARM.attributes
                0x000000c9       0x32 .\CortexM0p\ARM_GCC_541\Debug\cyfitter_cfg.o
 .ARM.attributes
                0x000000fb       0x32 .\CortexM0p\ARM_GCC_541\Debug\cymetadata.o
 .ARM.attributes
                0x0000012d       0x32 .\CortexM0p\ARM_GCC_541\Debug\cy_flash.o
 .ARM.attributes
                0x0000015f       0x32 .\CortexM0p\ARM_GCC_541\Debug\cy_gpio.o
 .ARM.attributes
                0x00000191       0x32 .\CortexM0p\ARM_GCC_541\Debug\cy_ipc_drv.o
 .ARM.attributes
                0x000001c3       0x32 .\CortexM0p\ARM_GCC_541\Debug\cy_ipc_sema.o
 .ARM.attributes
                0x000001f5       0x32 .\CortexM0p\ARM_GCC_541\Debug\cy_ipc_pipe.o
 .ARM.attributes
                0x00000227       0x32 .\CortexM0p\ARM_GCC_541\Debug\cy_prot.o
 .ARM.attributes
                0x00000259       0x32 .\CortexM0p\ARM_GCC_541\Debug\cy_sysclk.o
 .ARM.attributes
                0x0000028b       0x32 .\CortexM0p\ARM_GCC_541\Debug\cy_sysint.o
 .ARM.attributes
                0x000002bd       0x32 .\CortexM0p\ARM_GCC_541\Debug\cy_syslib.o
 .ARM.attributes
                0x000002ef       0x22 .\CortexM0p\ARM_GCC_541\Debug\cy_syslib_gcc.o
 .ARM.attributes
                0x00000311       0x32 .\CortexM0p\ARM_GCC_541\Debug\cy_syspm.o
 .ARM.attributes
                0x00000343       0x32 .\CortexM0p\ARM_GCC_541\Debug\cy_systick.o
 .ARM.attributes
                0x00000375       0x32 .\CortexM0p\ARM_GCC_541\Debug\cy_wdt.o
 .ARM.attributes
                0x000003a7       0x32 .\CortexM0p\ARM_GCC_541\Debug\cy_device.o
 .ARM.attributes
                0x000003d9       0x32 .\CortexM0p\ARM_GCC_541\Debug\cy_ble.o
 .ARM.attributes
                0x0000040b       0x1e c:/program files (x86)/cypress/psoc creator/4.4/psoc creator/import/gnu/arm/5.4.1/bin/../lib/gcc/arm-none-eabi/5.4.1/armv6-m\libgcc.a(_udivsi3.o)
 .ARM.attributes
                0x00000429       0x1e c:/program files (x86)/cypress/psoc creator/4.4/psoc creator/import/gnu/arm/5.4.1/bin/../lib/gcc/arm-none-eabi/5.4.1/armv6-m\libgcc.a(_dvmd_tls.o)
 .ARM.attributes
                0x00000447       0x2c c:/program files (x86)/cypress/psoc creator/4.4/psoc creator/import/gnu/arm/5.4.1/bin/../lib/gcc/arm-none-eabi/5.4.1/../../../../arm-none-eabi/lib/armv6-m\libg_nano.a(lib_a-memset.o)
 .ARM.attributes
                0x00000473       0x2c c:/program files (x86)/cypress/psoc creator/4.4/psoc creator/import/gnu/arm/5.4.1/bin/../lib/gcc/arm-none-eabi/5.4.1/../../../../arm-none-eabi/lib/armv6-m\libg_nano.a(lib_a-strncpy.o)
 .ARM.attributes
                0x0000049f       0x2c c:/program files (x86)/cypress/psoc creator/4.4/psoc creator/import/gnu/arm/5.4.1/bin/../lib/gcc/arm-none-eabi/5.4.1/armv6-m/crtend.o
 .ARM.attributes
                0x000004cb       0x1e c:/program files (x86)/cypress/psoc creator/4.4/psoc creator/import/gnu/arm/5.4.1/bin/../lib/gcc/arm-none-eabi/5.4.1/armv6-m/crtn.o

.comment        0x00000000       0x6e
 .comment       0x00000000       0x6e .\CortexM0p\ARM_GCC_541\Debug\main_cm0p.o
                                 0x6f (size before relaxing)
 .comment       0x0000006e       0x6f .\CortexM0p\ARM_GCC_541\Debug\system_psoc6_cm0plus.o
 .comment       0x0000006e       0x6f .\CortexM0p\ARM_GCC_541\Debug\cyfitter_cfg.o
 .comment       0x0000006e       0x6f .\CortexM0p\ARM_GCC_541\Debug\cymetadata.o
 .comment       0x0000006e       0x6f .\CortexM0p\ARM_GCC_541\Debug\cy_flash.o
 .comment       0x0000006e       0x6f .\CortexM0p\ARM_GCC_541\Debug\cy_gpio.o
 .comment       0x0000006e       0x6f .\CortexM0p\ARM_GCC_541\Debug\cy_ipc_drv.o
 .comment       0x0000006e       0x6f .\CortexM0p\ARM_GCC_541\Debug\cy_ipc_sema.o
 .comment       0x0000006e       0x6f .\CortexM0p\ARM_GCC_541\Debug\cy_ipc_pipe.o
 .comment       0x0000006e       0x6f .\CortexM0p\ARM_GCC_541\Debug\cy_prot.o
 .comment       0x0000006e       0x6f .\CortexM0p\ARM_GCC_541\Debug\cy_sysclk.o
 .comment       0x0000006e       0x6f .\CortexM0p\ARM_GCC_541\Debug\cy_sysint.o
 .comment       0x0000006e       0x6f .\CortexM0p\ARM_GCC_541\Debug\cy_syslib.o
 .comment       0x0000006e       0x6f .\CortexM0p\ARM_GCC_541\Debug\cy_syspm.o
 .comment       0x0000006e       0x6f .\CortexM0p\ARM_GCC_541\Debug\cy_systick.o
 .comment       0x0000006e       0x6f .\CortexM0p\ARM_GCC_541\Debug\cy_wdt.o
 .comment       0x0000006e       0x6f .\CortexM0p\ARM_GCC_541\Debug\cy_device.o
 .comment       0x0000006e       0x6f .\CortexM0p\ARM_GCC_541\Debug\cy_ble.o

.debug_line     0x00000000     0x5a1d
 .debug_line    0x00000000       0x92 .\CortexM0p\ARM_GCC_541\Debug\startup_psoc6_01_cm0plus.o
 .debug_line    0x00000092      0x270 .\CortexM0p\ARM_GCC_541\Debug\main_cm0p.o
 .debug_line    0x00000302      0x4cd .\CortexM0p\ARM_GCC_541\Debug\system_psoc6_cm0plus.o
 .debug_line    0x000007cf      0x4ef .\CortexM0p\ARM_GCC_541\Debug\cyfitter_cfg.o
 .debug_line    0x00000cbe      0x141 .\CortexM0p\ARM_GCC_541\Debug\cymetadata.o
 .debug_line    0x00000dff      0x6f2 .\CortexM0p\ARM_GCC_541\Debug\cy_flash.o
 .debug_line    0x000014f1      0x4b9 .\CortexM0p\ARM_GCC_541\Debug\cy_gpio.o
 .debug_line    0x000019aa      0x307 .\CortexM0p\ARM_GCC_541\Debug\cy_ipc_drv.o
 .debug_line    0x00001cb1      0x3c9 .\CortexM0p\ARM_GCC_541\Debug\cy_ipc_sema.o
 .debug_line    0x0000207a      0x58b .\CortexM0p\ARM_GCC_541\Debug\cy_ipc_pipe.o
 .debug_line    0x00002605      0xb20 .\CortexM0p\ARM_GCC_541\Debug\cy_prot.o
 .debug_line    0x00003125      0x9ff .\CortexM0p\ARM_GCC_541\Debug\cy_sysclk.o
 .debug_line    0x00003b24      0x3bf .\CortexM0p\ARM_GCC_541\Debug\cy_sysint.o
 .debug_line    0x00003ee3      0x4b8 .\CortexM0p\ARM_GCC_541\Debug\cy_syslib.o
 .debug_line    0x0000439b       0x89 .\CortexM0p\ARM_GCC_541\Debug\cy_syslib_gcc.o
 .debug_line    0x00004424      0xa4c .\CortexM0p\ARM_GCC_541\Debug\cy_syspm.o
 .debug_line    0x00004e70      0x31b .\CortexM0p\ARM_GCC_541\Debug\cy_systick.o
 .debug_line    0x0000518b      0x2e3 .\CortexM0p\ARM_GCC_541\Debug\cy_wdt.o
 .debug_line    0x0000546e      0x17f .\CortexM0p\ARM_GCC_541\Debug\cy_device.o
 .debug_line    0x000055ed      0x430 .\CortexM0p\ARM_GCC_541\Debug\cy_ble.o

.debug_info     0x00000000    0x202ba
 .debug_info    0x00000000       0x7e .\CortexM0p\ARM_GCC_541\Debug\startup_psoc6_01_cm0plus.o
 .debug_info    0x0000007e      0x8a9 .\CortexM0p\ARM_GCC_541\Debug\main_cm0p.o
 .debug_info    0x00000927     0x21bb .\CortexM0p\ARM_GCC_541\Debug\system_psoc6_cm0plus.o
 .debug_info    0x00002ae2     0x444b .\CortexM0p\ARM_GCC_541\Debug\cyfitter_cfg.o
 .debug_info    0x00006f2d       0xac .\CortexM0p\ARM_GCC_541\Debug\cymetadata.o
 .debug_info    0x00006fd9     0x2393 .\CortexM0p\ARM_GCC_541\Debug\cy_flash.o
 .debug_info    0x0000936c     0x3408 .\CortexM0p\ARM_GCC_541\Debug\cy_gpio.o
 .debug_info    0x0000c774      0x8df .\CortexM0p\ARM_GCC_541\Debug\cy_ipc_drv.o
 .debug_info    0x0000d053      0xbf9 .\CortexM0p\ARM_GCC_541\Debug\cy_ipc_sema.o
 .debug_info    0x0000dc4c     0x19e8 .\CortexM0p\ARM_GCC_541\Debug\cy_ipc_pipe.o
 .debug_info    0x0000f634     0x2b76 .\CortexM0p\ARM_GCC_541\Debug\cy_prot.o
 .debug_info    0x000121aa     0x21b4 .\CortexM0p\ARM_GCC_541\Debug\cy_sysclk.o
 .debug_info    0x0001435e     0x1af4 .\CortexM0p\ARM_GCC_541\Debug\cy_sysint.o
 .debug_info    0x00015e52     0x20bb .\CortexM0p\ARM_GCC_541\Debug\cy_syslib.o
 .debug_info    0x00017f0d       0xa8 .\CortexM0p\ARM_GCC_541\Debug\cy_syslib_gcc.o
 .debug_info    0x00017fb5     0x3ef3 .\CortexM0p\ARM_GCC_541\Debug\cy_syspm.o
 .debug_info    0x0001bea8      0x7fc .\CortexM0p\ARM_GCC_541\Debug\cy_systick.o
 .debug_info    0x0001c6a4      0x80f .\CortexM0p\ARM_GCC_541\Debug\cy_wdt.o
 .debug_info    0x0001ceb3      0x551 .\CortexM0p\ARM_GCC_541\Debug\cy_device.o
 .debug_info    0x0001d404     0x2eb6 .\CortexM0p\ARM_GCC_541\Debug\cy_ble.o

.debug_abbrev   0x00000000     0x282a
 .debug_abbrev  0x00000000       0x14 .\CortexM0p\ARM_GCC_541\Debug\startup_psoc6_01_cm0plus.o
 .debug_abbrev  0x00000014      0x145 .\CortexM0p\ARM_GCC_541\Debug\main_cm0p.o
 .debug_abbrev  0x00000159      0x272 .\CortexM0p\ARM_GCC_541\Debug\system_psoc6_cm0plus.o
 .debug_abbrev  0x000003cb      0x2f1 .\CortexM0p\ARM_GCC_541\Debug\cyfitter_cfg.o
 .debug_abbrev  0x000006bc       0x5d .\CortexM0p\ARM_GCC_541\Debug\cymetadata.o
 .debug_abbrev  0x00000719      0x313 .\CortexM0p\ARM_GCC_541\Debug\cy_flash.o
 .debug_abbrev  0x00000a2c      0x250 .\CortexM0p\ARM_GCC_541\Debug\cy_gpio.o
 .debug_abbrev  0x00000c7c      0x177 .\CortexM0p\ARM_GCC_541\Debug\cy_ipc_drv.o
 .debug_abbrev  0x00000df3      0x208 .\CortexM0p\ARM_GCC_541\Debug\cy_ipc_sema.o
 .debug_abbrev  0x00000ffb      0x31a .\CortexM0p\ARM_GCC_541\Debug\cy_ipc_pipe.o
 .debug_abbrev  0x00001315      0x213 .\CortexM0p\ARM_GCC_541\Debug\cy_prot.o
 .debug_abbrev  0x00001528      0x36d .\CortexM0p\ARM_GCC_541\Debug\cy_sysclk.o
 .debug_abbrev  0x00001895      0x274 .\CortexM0p\ARM_GCC_541\Debug\cy_sysint.o
 .debug_abbrev  0x00001b09      0x30d .\CortexM0p\ARM_GCC_541\Debug\cy_syslib.o
 .debug_abbrev  0x00001e16       0x14 .\CortexM0p\ARM_GCC_541\Debug\cy_syslib_gcc.o
 .debug_abbrev  0x00001e2a      0x30f .\CortexM0p\ARM_GCC_541\Debug\cy_syspm.o
 .debug_abbrev  0x00002139      0x203 .\CortexM0p\ARM_GCC_541\Debug\cy_systick.o
 .debug_abbrev  0x0000233c      0x151 .\CortexM0p\ARM_GCC_541\Debug\cy_wdt.o
 .debug_abbrev  0x0000248d       0x9d .\CortexM0p\ARM_GCC_541\Debug\cy_device.o
 .debug_abbrev  0x0000252a      0x300 .\CortexM0p\ARM_GCC_541\Debug\cy_ble.o

.debug_aranges  0x00000000      0x838
 .debug_aranges
                0x00000000       0x20 .\CortexM0p\ARM_GCC_541\Debug\startup_psoc6_01_cm0plus.o
 .debug_aranges
                0x00000020       0x20 .\CortexM0p\ARM_GCC_541\Debug\main_cm0p.o
 .debug_aranges
                0x00000040       0x60 .\CortexM0p\ARM_GCC_541\Debug\system_psoc6_cm0plus.o
 .debug_aranges
                0x000000a0       0x38 .\CortexM0p\ARM_GCC_541\Debug\cyfitter_cfg.o
 .debug_aranges
                0x000000d8       0x18 .\CortexM0p\ARM_GCC_541\Debug\cymetadata.o
 .debug_aranges
                0x000000f0       0xb0 .\CortexM0p\ARM_GCC_541\Debug\cy_flash.o
 .debug_aranges
                0x000001a0       0x48 .\CortexM0p\ARM_GCC_541\Debug\cy_gpio.o
 .debug_aranges
                0x000001e8       0x30 .\CortexM0p\ARM_GCC_541\Debug\cy_ipc_drv.o
 .debug_aranges
                0x00000218       0x48 .\CortexM0p\ARM_GCC_541\Debug\cy_ipc_sema.o
 .debug_aranges
                0x00000260       0x68 .\CortexM0p\ARM_GCC_541\Debug\cy_ipc_pipe.o
 .debug_aranges
                0x000002c8      0x198 .\CortexM0p\ARM_GCC_541\Debug\cy_prot.o
 .debug_aranges
                0x00000460       0xb0 .\CortexM0p\ARM_GCC_541\Debug\cy_sysclk.o
 .debug_aranges
                0x00000510       0x58 .\CortexM0p\ARM_GCC_541\Debug\cy_sysint.o
 .debug_aranges
                0x00000568       0x80 .\CortexM0p\ARM_GCC_541\Debug\cy_syslib.o
 .debug_aranges
                0x000005e8       0x20 .\CortexM0p\ARM_GCC_541\Debug\cy_syslib_gcc.o
 .debug_aranges
                0x00000608      0x118 .\CortexM0p\ARM_GCC_541\Debug\cy_syspm.o
 .debug_aranges
                0x00000720       0x58 .\CortexM0p\ARM_GCC_541\Debug\cy_systick.o
 .debug_aranges
                0x00000778       0x58 .\CortexM0p\ARM_GCC_541\Debug\cy_wdt.o
 .debug_aranges
                0x000007d0       0x20 .\CortexM0p\ARM_GCC_541\Debug\cy_device.o
 .debug_aranges
                0x000007f0       0x48 .\CortexM0p\ARM_GCC_541\Debug\cy_ble.o

.debug_ranges   0x00000000      0x7b8
 .debug_ranges  0x00000000       0x10 .\CortexM0p\ARM_GCC_541\Debug\main_cm0p.o
 .debug_ranges  0x00000010       0x68 .\CortexM0p\ARM_GCC_541\Debug\system_psoc6_cm0plus.o
 .debug_ranges  0x00000078       0x28 .\CortexM0p\ARM_GCC_541\Debug\cyfitter_cfg.o
 .debug_ranges  0x000000a0       0xc8 .\CortexM0p\ARM_GCC_541\Debug\cy_flash.o
 .debug_ranges  0x00000168       0x38 .\CortexM0p\ARM_GCC_541\Debug\cy_gpio.o
 .debug_ranges  0x000001a0       0x20 .\CortexM0p\ARM_GCC_541\Debug\cy_ipc_drv.o
 .debug_ranges  0x000001c0       0x38 .\CortexM0p\ARM_GCC_541\Debug\cy_ipc_sema.o
 .debug_ranges  0x000001f8       0x58 .\CortexM0p\ARM_GCC_541\Debug\cy_ipc_pipe.o
 .debug_ranges  0x00000250      0x188 .\CortexM0p\ARM_GCC_541\Debug\cy_prot.o
 .debug_ranges  0x000003d8      0x118 .\CortexM0p\ARM_GCC_541\Debug\cy_sysclk.o
 .debug_ranges  0x000004f0       0x48 .\CortexM0p\ARM_GCC_541\Debug\cy_sysint.o
 .debug_ranges  0x00000538       0x70 .\CortexM0p\ARM_GCC_541\Debug\cy_syslib.o
 .debug_ranges  0x000005a8      0x138 .\CortexM0p\ARM_GCC_541\Debug\cy_syspm.o
 .debug_ranges  0x000006e0       0x48 .\CortexM0p\ARM_GCC_541\Debug\cy_systick.o
 .debug_ranges  0x00000728       0x48 .\CortexM0p\ARM_GCC_541\Debug\cy_wdt.o
 .debug_ranges  0x00000770       0x10 .\CortexM0p\ARM_GCC_541\Debug\cy_device.o
 .debug_ranges  0x00000780       0x38 .\CortexM0p\ARM_GCC_541\Debug\cy_ble.o

.debug_str      0x00000000    0x10e61
 .debug_str     0x00000000      0xa0f .\CortexM0p\ARM_GCC_541\Debug\main_cm0p.o
                                0xa7d (size before relaxing)
 .debug_str     0x00000a0f     0x145e .\CortexM0p\ARM_GCC_541\Debug\system_psoc6_cm0plus.o
                               0x1dd5 (size before relaxing)
 .debug_str     0x00001e6d     0x6dea .\CortexM0p\ARM_GCC_541\Debug\cyfitter_cfg.o
                               0x79e3 (size before relaxing)
 .debug_str     0x00008c57       0x30 .\CortexM0p\ARM_GCC_541\Debug\cymetadata.o
                                0x198 (size before relaxing)
 .debug_str     0x00008c87     0x1037 .\CortexM0p\ARM_GCC_541\Debug\cy_flash.o
                               0x1cfb (size before relaxing)
 .debug_str     0x00009cbe      0x376 .\CortexM0p\ARM_GCC_541\Debug\cy_gpio.o
                               0x63b1 (size before relaxing)
 .debug_str     0x0000a034       0xfd .\CortexM0p\ARM_GCC_541\Debug\cy_ipc_drv.o
                                0x93a (size before relaxing)
 .debug_str     0x0000a131       0xe6 .\CortexM0p\ARM_GCC_541\Debug\cy_ipc_sema.o
                                0xb27 (size before relaxing)
 .debug_str     0x0000a217     0x12c2 .\CortexM0p\ARM_GCC_541\Debug\cy_ipc_pipe.o
                               0x21fe (size before relaxing)
 .debug_str     0x0000b4d9      0xe0c .\CortexM0p\ARM_GCC_541\Debug\cy_prot.o
                               0x16b2 (size before relaxing)
 .debug_str     0x0000c2e5      0x6a0 .\CortexM0p\ARM_GCC_541\Debug\cy_sysclk.o
                               0x1e57 (size before relaxing)
 .debug_str     0x0000c985      0x39f .\CortexM0p\ARM_GCC_541\Debug\cy_sysint.o
                               0x2045 (size before relaxing)
 .debug_str     0x0000cd24      0x23c .\CortexM0p\ARM_GCC_541\Debug\cy_syslib.o
                               0x1af0 (size before relaxing)
 .debug_str     0x0000cf60      0xf81 .\CortexM0p\ARM_GCC_541\Debug\cy_syspm.o
                               0x2adb (size before relaxing)
 .debug_str     0x0000dee1      0x1e0 .\CortexM0p\ARM_GCC_541\Debug\cy_systick.o
                                0x9f4 (size before relaxing)
 .debug_str     0x0000e0c1       0xbf .\CortexM0p\ARM_GCC_541\Debug\cy_wdt.o
                                0x6d7 (size before relaxing)
 .debug_str     0x0000e180       0x5d .\CortexM0p\ARM_GCC_541\Debug\cy_device.o
                                0x7a6 (size before relaxing)
 .debug_str     0x0000e1dd     0x2c84 .\CortexM0p\ARM_GCC_541\Debug\cy_ble.o
                               0x4ada (size before relaxing)

.debug_frame    0x00000000     0x17d4
 .debug_frame   0x00000000       0x2c .\CortexM0p\ARM_GCC_541\Debug\main_cm0p.o
 .debug_frame   0x0000002c       0xfc .\CortexM0p\ARM_GCC_541\Debug\system_psoc6_cm0plus.o
 .debug_frame   0x00000128       0x74 .\CortexM0p\ARM_GCC_541\Debug\cyfitter_cfg.o
 .debug_frame   0x0000019c      0x218 .\CortexM0p\ARM_GCC_541\Debug\cy_flash.o
 .debug_frame   0x000003b4       0xec .\CortexM0p\ARM_GCC_541\Debug\cy_gpio.o
 .debug_frame   0x000004a0       0x70 .\CortexM0p\ARM_GCC_541\Debug\cy_ipc_drv.o
 .debug_frame   0x00000510       0xbc .\CortexM0p\ARM_GCC_541\Debug\cy_ipc_sema.o
 .debug_frame   0x000005cc      0x150 .\CortexM0p\ARM_GCC_541\Debug\cy_ipc_pipe.o
 .debug_frame   0x0000071c      0x5b8 .\CortexM0p\ARM_GCC_541\Debug\cy_prot.o
 .debug_frame   0x00000cd4      0x298 .\CortexM0p\ARM_GCC_541\Debug\cy_sysclk.o
 .debug_frame   0x00000f6c       0xe4 .\CortexM0p\ARM_GCC_541\Debug\cy_sysint.o
 .debug_frame   0x00001050      0x138 .\CortexM0p\ARM_GCC_541\Debug\cy_syslib.o
 .debug_frame   0x00001188      0x3bc .\CortexM0p\ARM_GCC_541\Debug\cy_syspm.o
 .debug_frame   0x00001544       0xac .\CortexM0p\ARM_GCC_541\Debug\cy_systick.o
 .debug_frame   0x000015f0       0xc0 .\CortexM0p\ARM_GCC_541\Debug\cy_wdt.o
 .debug_frame   0x000016b0       0x20 .\CortexM0p\ARM_GCC_541\Debug\cy_device.o
 .debug_frame   0x000016d0       0x98 .\CortexM0p\ARM_GCC_541\Debug\cy_ble.o
 .debug_frame   0x00001768       0x20 c:/program files (x86)/cypress/psoc creator/4.4/psoc creator/import/gnu/arm/5.4.1/bin/../lib/gcc/arm-none-eabi/5.4.1/armv6-m\libgcc.a(_udivsi3.o)
 .debug_frame   0x00001788       0x20 c:/program files (x86)/cypress/psoc creator/4.4/psoc creator/import/gnu/arm/5.4.1/bin/../lib/gcc/arm-none-eabi/5.4.1/../../../../arm-none-eabi/lib/armv6-m\libg_nano.a(lib_a-memset.o)
 .debug_frame   0x000017a8       0x2c c:/program files (x86)/cypress/psoc creator/4.4/psoc creator/import/gnu/arm/5.4.1/bin/../lib/gcc/arm-none-eabi/5.4.1/../../../../arm-none-eabi/lib/armv6-m\libg_nano.a(lib_a-strncpy.o)

.debug_loc      0x00000000     0x7acf
 .debug_loc     0x00000000      0x358 .\CortexM0p\ARM_GCC_541\Debug\system_psoc6_cm0plus.o
 .debug_loc     0x00000358      0x450 .\CortexM0p\ARM_GCC_541\Debug\cyfitter_cfg.o
 .debug_loc     0x000007a8      0xd3c .\CortexM0p\ARM_GCC_541\Debug\cy_flash.o
 .debug_loc     0x000014e4      0x815 .\CortexM0p\ARM_GCC_541\Debug\cy_gpio.o
 .debug_loc     0x00001cf9      0x303 .\CortexM0p\ARM_GCC_541\Debug\cy_ipc_drv.o
 .debug_loc     0x00001ffc      0x7fa .\CortexM0p\ARM_GCC_541\Debug\cy_ipc_sema.o
 .debug_loc     0x000027f6      0x778 .\CortexM0p\ARM_GCC_541\Debug\cy_ipc_pipe.o
 .debug_loc     0x00002f6e     0x1858 .\CortexM0p\ARM_GCC_541\Debug\cy_prot.o
 .debug_loc     0x000047c6     0x18e7 .\CortexM0p\ARM_GCC_541\Debug\cy_sysclk.o
 .debug_loc     0x000060ad      0x4bc .\CortexM0p\ARM_GCC_541\Debug\cy_sysint.o
 .debug_loc     0x00006569      0x239 .\CortexM0p\ARM_GCC_541\Debug\cy_syslib.o
 .debug_loc     0x000067a2      0xf1d .\CortexM0p\ARM_GCC_541\Debug\cy_syspm.o
 .debug_loc     0x000076bf      0x19a .\CortexM0p\ARM_GCC_541\Debug\cy_systick.o
 .debug_loc     0x00007859       0x58 .\CortexM0p\ARM_GCC_541\Debug\cy_wdt.o
 .debug_loc     0x000078b1      0x21e .\CortexM0p\ARM_GCC_541\Debug\cy_ble.o
